Component: ARM Compiler 5.06 update 7 (build 960) Tool: armlink [4d3601]

==============================================================================

Small function inlining results

Inlined total of 0 calls.

==============================================================================

Section Cross References

    system_nuc029xee.o(i.SystemCoreClockUpdate) refers to uidiv.o(.text) for __aeabi_uidivmod
    system_nuc029xee.o(i.SystemCoreClockUpdate) refers to system_nuc029xee.o(.data) for .data
    startup_nuc029xee.o(RESET) refers to startup_nuc029xee.o(STACK) for __initial_sp
    startup_nuc029xee.o(RESET) refers to startup_nuc029xee.o(.text) for Reset_Handler
    startup_nuc029xee.o(RESET) refers to retarget_1.o(.emb_text) for HardFault_Handler
    startup_nuc029xee.o(RESET) refers to isr.o(i.GPAB_IRQHandler) for GPAB_IRQHandler
    startup_nuc029xee.o(RESET) refers to isr.o(i.TMR0_IRQHandler) for TMR0_IRQHandler
    startup_nuc029xee.o(RESET) refers to isr.o(i.UART02_IRQHandler) for UART02_IRQHandler
    startup_nuc029xee.o(.text) refers to system_nuc029xee.o(i.SystemInit) for SystemInit
    startup_nuc029xee.o(.text) refers to entry.o(.ARM.Collect$$$$00000000) for __main
    ask.o(i.AskByteOut) refers to ask.o(i.PB14Toggle) for PB14Toggle
    ask.o(i.AskByteOut) refers to ask.o(.data) for .data
    ask.o(i.AskByteOut) refers to main.o(.data) for timerCount
    ask.o(i.AskOut) refers to ask.o(i.PB14Toggle) for PB14Toggle
    ask.o(i.AskOut) refers to ask.o(i.AskByteOut) for AskByteOut
    ask.o(i.AskOut) refers to ask.o(.data) for .data
    ask.o(i.AskOut) refers to main.o(.data) for AskStart
    ask.o(i.AskOut) refers to main.o(.data) for timerCount
    ask.o(i.DataPacketStart) refers to ask.o(i.__ARM_common_switch8) for __ARM_common_switch8
    ask.o(i.DataPacketStart) refers to ask.o(.data) for .data
    ask.o(i.DataPacketStart) refers to main.o(.data) for qi_received_power
    ask.o(i.DataPacketStart) refers to main.o(.data) for qi_signal_strength
    ask.o(i.DataPacketStart) refers to main.o(.data) for qi_end_transfer_code
    ask.o(i.DataPacketStart) refers to main.o(.data) for qi_holdoff_time_ms
    ask.o(i.DataPacketStart) refers to main.o(.data) for qi_power_class
    ask.o(i.DataPacketStart) refers to main.o(.data) for qi_extended_device_identifier
    ask.o(i.DataPacketStart) refers to main.o(.data) for qi_received_power_mode
    ask.o(i.DataPacketStart) refers to main.o(.data) for qi_charge_status
    ask.o(i.DataPacketStart) refers to main.o(.data) for qi_quality_factor_mode
    ask.o(i.DataPacketStart) refers to main.o(.data) for qi_ref_quality_factor
    ble.o(i.BLEdisable) refers to ask.o(i.MyDelay) for MyDelay
    ble.o(i.BLEenable) refers to ask.o(i.MyDelay) for MyDelay
    ble.o(i.BLEenable) refers to ble.o(.data) for .data
    ble.o(i.BLEenable) refers to isr.o(.data) for BleComplete
    ble.o(i.sendDataToBle) refers to memcpya.o(.text) for __aeabi_memcpy
    ble.o(i.uart2Bufferinit) refers to printf8.o(i.__0printf$8) for __2printf
    ble.o(i.uart2Bufferinit) refers to memseta.o(.text) for __aeabi_memclr
    ble.o(i.uart2Bufferinit) refers to ble.o(.data) for .data
    ble.o(i.uart2Bufferinit) refers to ble.o(.bss) for .bss
    fsk.o(i.FskBitUpdate) refers to main.o(.data) for qi_FSKDepth
    fsk.o(i.FskBitUpdate) refers to fsk.o(.data) for .data
    fsk.o(i.WaitFSK) refers to fsk.o(.data) for .data
    isr.o(i.GPAB_IRQHandler) refers to fsk.o(i.FskBitUpdate) for FskBitUpdate
    isr.o(i.GPAB_IRQHandler) refers to fsk.o(.data) for ByteCnt
    isr.o(i.GPAB_IRQHandler) refers to isr.o(.data) for .data
    isr.o(i.TMR0_IRQHandler) refers to ask.o(i.AskOut) for AskOut
    isr.o(i.TMR0_IRQHandler) refers to main.o(.data) for AskStart
    isr.o(i.UART02_IRQHandler) refers to printf8.o(i.__0printf$8) for __2printf
    isr.o(i.UART02_IRQHandler) refers to ble.o(.bss) for uart_buffer
    isr.o(i.UART02_IRQHandler) refers to ble.o(.data) for UartBufferCnt
    isr.o(i.UART02_IRQHandler) refers to isr.o(.data) for .data
    main.o(i.BLEbufferInit) refers to memseta.o(.text) for __aeabi_memclr
    main.o(i.BLEbufferInit) refers to main.o(.bss) for .bss
    main.o(i.ReadADC) refers to adc.o(i.ADC_Open) for ADC_Open
    main.o(i.SYS_Init1) refers to clk_1.o(i.CLK_EnableXtalRC) for CLK_EnableXtalRC
    main.o(i.SYS_Init1) refers to clk_1.o(i.CLK_WaitClockReady) for CLK_WaitClockReady
    main.o(i.SYS_Init1) refers to clk_1.o(i.CLK_SetHCLK) for CLK_SetHCLK
    main.o(i.SYS_Init1) refers to clk_1.o(i.CLK_SetCoreClock) for CLK_SetCoreClock
    main.o(i.SYS_Init1) refers to clk_1.o(i.CLK_EnableModuleClock) for CLK_EnableModuleClock
    main.o(i.SYS_Init1) refers to clk_1.o(i.CLK_SetModuleClock) for CLK_SetModuleClock
    main.o(i.SYS_Init2) refers to clk_1.o(i.CLK_EnableModuleClock) for CLK_EnableModuleClock
    main.o(i.SYS_Init2) refers to clk_1.o(i.CLK_SetModuleClock) for CLK_SetModuleClock
    main.o(i.StateMachine1) refers to ask.o(i.DataPacketStart) for DataPacketStart
    main.o(i.StateMachine1) refers to ask.o(.data) for AskHeader
    main.o(i.StateMachine1) refers to main.o(.data) for .data
    main.o(i.StateMachine2) refers to ble.o(i.BLEenable) for BLEenable
    main.o(i.StateMachine2) refers to ble.o(i.sendDataToBle) for sendDataToBle
    main.o(i.StateMachine2) refers to ask.o(i.DataPacketStart) for DataPacketStart
    main.o(i.StateMachine2) refers to ask.o(i.MyDelay) for MyDelay
    main.o(i.StateMachine2) refers to timer_1.o(i.TIMER_Delay) for TIMER_Delay
    main.o(i.StateMachine2) refers to idiv.o(.text) for __aeabi_idivmod
    main.o(i.StateMachine2) refers to main.o(.data) for .data
    main.o(i.StateMachine2) refers to ask.o(.data) for AskHeader
    main.o(i.StateMachine2) refers to ble.o(.bss) for uart_buffer
    main.o(i.StateMachine2) refers to isr.o(.data) for BleComplete
    main.o(i.StateMachine2) refers to ble.o(.data) for UartBufferCnt
    main.o(i.StateMachine2) refers to main.o(.bss) for .bss
    main.o(i.StateMachine3) refers to ask.o(i.DataPacketStart) for DataPacketStart
    main.o(i.StateMachine3) refers to fsk.o(i.WaitFSK) for WaitFSK
    main.o(i.StateMachine3) refers to ble.o(i.uart2Bufferinit) for uart2Bufferinit
    main.o(i.StateMachine3) refers to ble.o(i.sendDataToBle) for sendDataToBle
    main.o(i.StateMachine3) refers to memcpya.o(.text) for __aeabi_memcpy
    main.o(i.StateMachine3) refers to main.o(i.BLEbufferInit) for BLEbufferInit
    main.o(i.StateMachine3) refers to main.o(i.ReadADC) for ReadADC
    main.o(i.StateMachine3) refers to memseta.o(.text) for __aeabi_memclr
    main.o(i.StateMachine3) refers to printf8.o(i.__0sprintf$8) for __2sprintf
    main.o(i.StateMachine3) refers to ask.o(.data) for AskHeader
    main.o(i.StateMachine3) refers to main.o(.data) for .data
    main.o(i.StateMachine3) refers to fsk.o(.data) for FskBuffer
    main.o(i.StateMachine3) refers to ble.o(.bss) for uart_buffer
    main.o(i.StateMachine3) refers to ble.o(.data) for UartBufferCnt
    main.o(i.StateMachine3) refers to main.o(.bss) for .bss
    main.o(i.UART0_Init) refers to sys_1.o(i.SYS_ResetModule) for SYS_ResetModule
    main.o(i.UART0_Init) refers to uart_1.o(i.UART_Open) for UART_Open
    main.o(i.UART1_Init) refers to sys_1.o(i.SYS_ResetModule) for SYS_ResetModule
    main.o(i.UART1_Init) refers to uart_1.o(i.UART_Open) for UART_Open
    main.o(i.UART2_Init) refers to sys_1.o(i.SYS_ResetModule) for SYS_ResetModule
    main.o(i.UART2_Init) refers to uart_1.o(i.UART_Open) for UART_Open
    main.o(i.main) refers to main.o(i.SYS_Init1) for SYS_Init1
    main.o(i.main) refers to timer_1.o(i.TIMER_Open) for TIMER_Open
    main.o(i.main) refers to ask.o(i.DataPacketStart) for DataPacketStart
    main.o(i.main) refers to main.o(i.SYS_Init2) for SYS_Init2
    main.o(i.main) refers to main.o(i.UART0_Init) for UART0_Init
    main.o(i.main) refers to main.o(i.UART2_Init) for UART2_Init
    main.o(i.main) refers to printf8.o(i.__0printf$8) for __2printf
    main.o(i.main) refers to gpio.o(i.GPIO_SetMode) for GPIO_SetMode
    main.o(i.main) refers to gpio.o(i.GPIO_EnableInt) for GPIO_EnableInt
    main.o(i.main) refers to main.o(i.StateMachine2) for StateMachine2
    main.o(i.main) refers to ask.o(.data) for AskHeader
    main.o(i.main) refers to main.o(.data) for .data
    retarget_1.o(.emb_text) refers to retarget_1.o(i.Hard_Fault_Handler) for Hard_Fault_Handler
    retarget_1.o(i.Hard_Fault_Handler) refers to printf8.o(i.__0printf$8) for __2printf
    retarget_1.o(i.Hard_Fault_Handler) refers to retarget_1.o(i.stackDump) for stackDump
    retarget_1.o(i.SendChar) refers to retarget_1.o(i.SendChar_ToUART) for SendChar_ToUART
    retarget_1.o(i._ttywrch) refers to retarget_1.o(i.SendChar_ToUART) for SendChar_ToUART
    retarget_1.o(i.fgetc) refers to retarget_1.o(i.GetChar) for GetChar
    retarget_1.o(i.fputc) refers to retarget_1.o(i.SendChar_ToUART) for SendChar_ToUART
    retarget_1.o(i.stackDump) refers to printf8.o(i.__0printf$8) for __2printf
    clk_1.o(i.CLK_DisableCKO) refers to clk_1.o(i.CLK_DisableModuleClock) for CLK_DisableModuleClock
    clk_1.o(i.CLK_DisableModuleClock) refers to clk_1.o(.constdata) for .constdata
    clk_1.o(i.CLK_EnableCKO) refers to clk_1.o(i.CLK_SetModuleClock) for CLK_SetModuleClock
    clk_1.o(i.CLK_EnableModuleClock) refers to clk_1.o(.constdata) for .constdata
    clk_1.o(i.CLK_EnablePLL) refers to clk_1.o(i.CLK_WaitClockReady) for CLK_WaitClockReady
    clk_1.o(i.CLK_EnablePLL) refers to uidiv.o(.text) for __aeabi_uidivmod
    clk_1.o(i.CLK_GetCPUFreq) refers to system_nuc029xee.o(i.SystemCoreClockUpdate) for SystemCoreClockUpdate
    clk_1.o(i.CLK_GetCPUFreq) refers to system_nuc029xee.o(.data) for SystemCoreClock
    clk_1.o(i.CLK_GetHCLKFreq) refers to system_nuc029xee.o(i.SystemCoreClockUpdate) for SystemCoreClockUpdate
    clk_1.o(i.CLK_GetHCLKFreq) refers to system_nuc029xee.o(.data) for SystemCoreClock
    clk_1.o(i.CLK_GetPCLKFreq) refers to system_nuc029xee.o(i.SystemCoreClockUpdate) for SystemCoreClockUpdate
    clk_1.o(i.CLK_GetPCLKFreq) refers to system_nuc029xee.o(.data) for SystemCoreClock
    clk_1.o(i.CLK_SetCoreClock) refers to clk_1.o(i.CLK_EnablePLL) for CLK_EnablePLL
    clk_1.o(i.CLK_SetCoreClock) refers to clk_1.o(i.CLK_SetHCLK) for CLK_SetHCLK
    clk_1.o(i.CLK_SetCoreClock) refers to uidiv.o(.text) for __aeabi_uidivmod
    clk_1.o(i.CLK_SetHCLK) refers to system_nuc029xee.o(i.SystemCoreClockUpdate) for SystemCoreClockUpdate
    clk_1.o(i.CLK_SetModuleClock) refers to clk_1.o(.constdata) for .constdata
    uart_1.o(i.CLK_GetPLLClockFreq) refers to uidiv.o(.text) for __aeabi_uidivmod
    uart_1.o(i.UART_Open) refers to uart_1.o(i.CLK_GetPLLClockFreq) for CLK_GetPLLClockFreq
    uart_1.o(i.UART_Open) refers to uidiv.o(.text) for __aeabi_uidivmod
    uart_1.o(i.UART_Open) refers to uart_1.o(.constdata) for .constdata
    uart_1.o(i.UART_SelectIrDAMode) refers to uart_1.o(i.CLK_GetPLLClockFreq) for CLK_GetPLLClockFreq
    uart_1.o(i.UART_SelectIrDAMode) refers to uidiv.o(.text) for __aeabi_uidivmod
    uart_1.o(i.UART_SelectIrDAMode) refers to uart_1.o(.constdata) for .constdata
    uart_1.o(i.UART_SetLine_Config) refers to uart_1.o(i.CLK_GetPLLClockFreq) for CLK_GetPLLClockFreq
    uart_1.o(i.UART_SetLine_Config) refers to uidiv.o(.text) for __aeabi_uidivmod
    uart_1.o(i.UART_SetLine_Config) refers to uart_1.o(.constdata) for .constdata
    timer_1.o(i.TIMER_Delay) refers to timer_1.o(i.TIMER_GetModuleClock) for TIMER_GetModuleClock
    timer_1.o(i.TIMER_Delay) refers to uidiv.o(.text) for __aeabi_uidivmod
    timer_1.o(i.TIMER_Delay) refers to system_nuc029xee.o(.data) for SystemCoreClock
    timer_1.o(i.TIMER_GetModuleClock) refers to memcpya.o(.text) for __aeabi_memcpy4
    timer_1.o(i.TIMER_GetModuleClock) refers to timer_1.o(.constdata) for .constdata
    timer_1.o(i.TIMER_GetModuleClock) refers to system_nuc029xee.o(.data) for SystemCoreClock
    timer_1.o(i.TIMER_Open) refers to timer_1.o(i.TIMER_GetModuleClock) for TIMER_GetModuleClock
    timer_1.o(i.TIMER_Open) refers to uidiv.o(.text) for __aeabi_uidivmod
    entry.o(.ARM.Collect$$$$00000000) refers (Special) to entry10a.o(.ARM.Collect$$$$0000000F) for __rt_final_cpp
    entry.o(.ARM.Collect$$$$00000000) refers (Special) to entry11a.o(.ARM.Collect$$$$00000011) for __rt_final_exit
    entry.o(.ARM.Collect$$$$00000000) refers (Special) to entry12b.o(.ARM.Collect$$$$0000000E) for __rt_lib_shutdown_fini
    entry.o(.ARM.Collect$$$$00000000) refers (Special) to entry7b.o(.ARM.Collect$$$$00000008) for _main_clock
    entry.o(.ARM.Collect$$$$00000000) refers (Special) to entry8b.o(.ARM.Collect$$$$0000000A) for _main_cpp_init
    entry.o(.ARM.Collect$$$$00000000) refers (Special) to entry9a.o(.ARM.Collect$$$$0000000B) for _main_init
    entry.o(.ARM.Collect$$$$00000000) refers (Special) to entry5.o(.ARM.Collect$$$$00000004) for _main_scatterload
    entry.o(.ARM.Collect$$$$00000000) refers (Special) to entry2.o(.ARM.Collect$$$$00000001) for _main_stk
    idiv.o(.text) refers to uidiv.o(.text) for __aeabi_uidivmod
    printfb.o(i.__0fprintf$bare) refers to printfb.o(i._printf_core) for _printf_core
    printfb.o(i.__0fprintf$bare) refers to retarget_1.o(i.fputc) for fputc
    printfb.o(i.__0printf$bare) refers to printfb.o(i._printf_core) for _printf_core
    printfb.o(i.__0printf$bare) refers to retarget_1.o(i.fputc) for fputc
    printfb.o(i.__0printf$bare) refers to retarget_1.o(.data) for __stdout
    printfb.o(i.__0snprintf$bare) refers to printfb.o(i._printf_core) for _printf_core
    printfb.o(i.__0snprintf$bare) refers to printfb.o(i._snputc) for _snputc
    printfb.o(i.__0sprintf$bare) refers to printfb.o(i._printf_core) for _printf_core
    printfb.o(i.__0sprintf$bare) refers to printfb.o(i._sputc) for _sputc
    printfb.o(i.__0vfprintf$bare) refers to printfb.o(i._printf_core) for _printf_core
    printfb.o(i.__0vfprintf$bare) refers to retarget_1.o(i.fputc) for fputc
    printfb.o(i.__0vprintf$bare) refers to printfb.o(i._printf_core) for _printf_core
    printfb.o(i.__0vprintf$bare) refers to retarget_1.o(i.fputc) for fputc
    printfb.o(i.__0vprintf$bare) refers to retarget_1.o(.data) for __stdout
    printfb.o(i.__0vsnprintf$bare) refers to printfb.o(i._printf_core) for _printf_core
    printfb.o(i.__0vsnprintf$bare) refers to printfb.o(i._snputc) for _snputc
    printfb.o(i.__0vsprintf$bare) refers to printfb.o(i._printf_core) for _printf_core
    printfb.o(i.__0vsprintf$bare) refers to printfb.o(i._sputc) for _sputc
    printf0.o(i.__0fprintf$0) refers to printf0.o(i._printf_core) for _printf_core
    printf0.o(i.__0fprintf$0) refers to retarget_1.o(i.fputc) for fputc
    printf0.o(i.__0printf$0) refers to printf0.o(i._printf_core) for _printf_core
    printf0.o(i.__0printf$0) refers to retarget_1.o(i.fputc) for fputc
    printf0.o(i.__0printf$0) refers to retarget_1.o(.data) for __stdout
    printf0.o(i.__0snprintf$0) refers to printf0.o(i._printf_core) for _printf_core
    printf0.o(i.__0snprintf$0) refers to printf0.o(i._snputc) for _snputc
    printf0.o(i.__0sprintf$0) refers to printf0.o(i._printf_core) for _printf_core
    printf0.o(i.__0sprintf$0) refers to printf0.o(i._sputc) for _sputc
    printf0.o(i.__0vfprintf$0) refers to printf0.o(i._printf_core) for _printf_core
    printf0.o(i.__0vfprintf$0) refers to retarget_1.o(i.fputc) for fputc
    printf0.o(i.__0vprintf$0) refers to printf0.o(i._printf_core) for _printf_core
    printf0.o(i.__0vprintf$0) refers to retarget_1.o(i.fputc) for fputc
    printf0.o(i.__0vprintf$0) refers to retarget_1.o(.data) for __stdout
    printf0.o(i.__0vsnprintf$0) refers to printf0.o(i._printf_core) for _printf_core
    printf0.o(i.__0vsnprintf$0) refers to printf0.o(i._snputc) for _snputc
    printf0.o(i.__0vsprintf$0) refers to printf0.o(i._printf_core) for _printf_core
    printf0.o(i.__0vsprintf$0) refers to printf0.o(i._sputc) for _sputc
    printf1.o(i.__0fprintf$1) refers to printf1.o(i._printf_core) for _printf_core
    printf1.o(i.__0fprintf$1) refers to retarget_1.o(i.fputc) for fputc
    printf1.o(i.__0printf$1) refers to printf1.o(i._printf_core) for _printf_core
    printf1.o(i.__0printf$1) refers to retarget_1.o(i.fputc) for fputc
    printf1.o(i.__0printf$1) refers to retarget_1.o(.data) for __stdout
    printf1.o(i.__0snprintf$1) refers to printf1.o(i._printf_core) for _printf_core
    printf1.o(i.__0snprintf$1) refers to printf1.o(i._snputc) for _snputc
    printf1.o(i.__0sprintf$1) refers to printf1.o(i._printf_core) for _printf_core
    printf1.o(i.__0sprintf$1) refers to printf1.o(i._sputc) for _sputc
    printf1.o(i.__0vfprintf$1) refers to printf1.o(i._printf_core) for _printf_core
    printf1.o(i.__0vfprintf$1) refers to retarget_1.o(i.fputc) for fputc
    printf1.o(i.__0vprintf$1) refers to printf1.o(i._printf_core) for _printf_core
    printf1.o(i.__0vprintf$1) refers to retarget_1.o(i.fputc) for fputc
    printf1.o(i.__0vprintf$1) refers to retarget_1.o(.data) for __stdout
    printf1.o(i.__0vsnprintf$1) refers to printf1.o(i._printf_core) for _printf_core
    printf1.o(i.__0vsnprintf$1) refers to printf1.o(i._snputc) for _snputc
    printf1.o(i.__0vsprintf$1) refers to printf1.o(i._printf_core) for _printf_core
    printf1.o(i.__0vsprintf$1) refers to printf1.o(i._sputc) for _sputc
    printf1.o(i._printf_core) refers to uidiv.o(.text) for __aeabi_uidivmod
    printf2.o(i.__0fprintf$2) refers to printf2.o(i._printf_core) for _printf_core
    printf2.o(i.__0fprintf$2) refers to retarget_1.o(i.fputc) for fputc
    printf2.o(i.__0printf$2) refers to printf2.o(i._printf_core) for _printf_core
    printf2.o(i.__0printf$2) refers to retarget_1.o(i.fputc) for fputc
    printf2.o(i.__0printf$2) refers to retarget_1.o(.data) for __stdout
    printf2.o(i.__0snprintf$2) refers to printf2.o(i._printf_core) for _printf_core
    printf2.o(i.__0snprintf$2) refers to printf2.o(i._snputc) for _snputc
    printf2.o(i.__0sprintf$2) refers to printf2.o(i._printf_core) for _printf_core
    printf2.o(i.__0sprintf$2) refers to printf2.o(i._sputc) for _sputc
    printf2.o(i.__0vfprintf$2) refers to printf2.o(i._printf_core) for _printf_core
    printf2.o(i.__0vfprintf$2) refers to retarget_1.o(i.fputc) for fputc
    printf2.o(i.__0vprintf$2) refers to printf2.o(i._printf_core) for _printf_core
    printf2.o(i.__0vprintf$2) refers to retarget_1.o(i.fputc) for fputc
    printf2.o(i.__0vprintf$2) refers to retarget_1.o(.data) for __stdout
    printf2.o(i.__0vsnprintf$2) refers to printf2.o(i._printf_core) for _printf_core
    printf2.o(i.__0vsnprintf$2) refers to printf2.o(i._snputc) for _snputc
    printf2.o(i.__0vsprintf$2) refers to printf2.o(i._printf_core) for _printf_core
    printf2.o(i.__0vsprintf$2) refers to printf2.o(i._sputc) for _sputc
    printf3.o(i.__0fprintf$3) refers to printf3.o(i._printf_core) for _printf_core
    printf3.o(i.__0fprintf$3) refers to retarget_1.o(i.fputc) for fputc
    printf3.o(i.__0printf$3) refers to printf3.o(i._printf_core) for _printf_core
    printf3.o(i.__0printf$3) refers to retarget_1.o(i.fputc) for fputc
    printf3.o(i.__0printf$3) refers to retarget_1.o(.data) for __stdout
    printf3.o(i.__0snprintf$3) refers to printf3.o(i._printf_core) for _printf_core
    printf3.o(i.__0snprintf$3) refers to printf3.o(i._snputc) for _snputc
    printf3.o(i.__0sprintf$3) refers to printf3.o(i._printf_core) for _printf_core
    printf3.o(i.__0sprintf$3) refers to printf3.o(i._sputc) for _sputc
    printf3.o(i.__0vfprintf$3) refers to printf3.o(i._printf_core) for _printf_core
    printf3.o(i.__0vfprintf$3) refers to retarget_1.o(i.fputc) for fputc
    printf3.o(i.__0vprintf$3) refers to printf3.o(i._printf_core) for _printf_core
    printf3.o(i.__0vprintf$3) refers to retarget_1.o(i.fputc) for fputc
    printf3.o(i.__0vprintf$3) refers to retarget_1.o(.data) for __stdout
    printf3.o(i.__0vsnprintf$3) refers to printf3.o(i._printf_core) for _printf_core
    printf3.o(i.__0vsnprintf$3) refers to printf3.o(i._snputc) for _snputc
    printf3.o(i.__0vsprintf$3) refers to printf3.o(i._printf_core) for _printf_core
    printf3.o(i.__0vsprintf$3) refers to printf3.o(i._sputc) for _sputc
    printf3.o(i._printf_core) refers to uidiv.o(.text) for __aeabi_uidivmod
    printf4.o(i.__0fprintf$4) refers to printf4.o(i._printf_core) for _printf_core
    printf4.o(i.__0fprintf$4) refers to retarget_1.o(i.fputc) for fputc
    printf4.o(i.__0printf$4) refers to printf4.o(i._printf_core) for _printf_core
    printf4.o(i.__0printf$4) refers to retarget_1.o(i.fputc) for fputc
    printf4.o(i.__0printf$4) refers to retarget_1.o(.data) for __stdout
    printf4.o(i.__0snprintf$4) refers to printf4.o(i._printf_core) for _printf_core
    printf4.o(i.__0snprintf$4) refers to printf4.o(i._snputc) for _snputc
    printf4.o(i.__0sprintf$4) refers to printf4.o(i._printf_core) for _printf_core
    printf4.o(i.__0sprintf$4) refers to printf4.o(i._sputc) for _sputc
    printf4.o(i.__0vfprintf$4) refers to printf4.o(i._printf_core) for _printf_core
    printf4.o(i.__0vfprintf$4) refers to retarget_1.o(i.fputc) for fputc
    printf4.o(i.__0vprintf$4) refers to printf4.o(i._printf_core) for _printf_core
    printf4.o(i.__0vprintf$4) refers to retarget_1.o(i.fputc) for fputc
    printf4.o(i.__0vprintf$4) refers to retarget_1.o(.data) for __stdout
    printf4.o(i.__0vsnprintf$4) refers to printf4.o(i._printf_core) for _printf_core
    printf4.o(i.__0vsnprintf$4) refers to printf4.o(i._snputc) for _snputc
    printf4.o(i.__0vsprintf$4) refers to printf4.o(i._printf_core) for _printf_core
    printf4.o(i.__0vsprintf$4) refers to printf4.o(i._sputc) for _sputc
    printf4.o(i._printf_core) refers to uldiv.o(.text) for __aeabi_uldivmod
    printf5.o(i.__0fprintf$5) refers to printf5.o(i._printf_core) for _printf_core
    printf5.o(i.__0fprintf$5) refers to retarget_1.o(i.fputc) for fputc
    printf5.o(i.__0printf$5) refers to printf5.o(i._printf_core) for _printf_core
    printf5.o(i.__0printf$5) refers to retarget_1.o(i.fputc) for fputc
    printf5.o(i.__0printf$5) refers to retarget_1.o(.data) for __stdout
    printf5.o(i.__0snprintf$5) refers to printf5.o(i._printf_core) for _printf_core
    printf5.o(i.__0snprintf$5) refers to printf5.o(i._snputc) for _snputc
    printf5.o(i.__0sprintf$5) refers to printf5.o(i._printf_core) for _printf_core
    printf5.o(i.__0sprintf$5) refers to printf5.o(i._sputc) for _sputc
    printf5.o(i.__0vfprintf$5) refers to printf5.o(i._printf_core) for _printf_core
    printf5.o(i.__0vfprintf$5) refers to retarget_1.o(i.fputc) for fputc
    printf5.o(i.__0vprintf$5) refers to printf5.o(i._printf_core) for _printf_core
    printf5.o(i.__0vprintf$5) refers to retarget_1.o(i.fputc) for fputc
    printf5.o(i.__0vprintf$5) refers to retarget_1.o(.data) for __stdout
    printf5.o(i.__0vsnprintf$5) refers to printf5.o(i._printf_core) for _printf_core
    printf5.o(i.__0vsnprintf$5) refers to printf5.o(i._snputc) for _snputc
    printf5.o(i.__0vsprintf$5) refers to printf5.o(i._printf_core) for _printf_core
    printf5.o(i.__0vsprintf$5) refers to printf5.o(i._sputc) for _sputc
    printf5.o(i._printf_core) refers to uldiv.o(.text) for __aeabi_uldivmod
    printf6.o(i.__0fprintf$6) refers to printf6.o(i._printf_core) for _printf_core
    printf6.o(i.__0fprintf$6) refers to retarget_1.o(i.fputc) for fputc
    printf6.o(i.__0printf$6) refers to printf6.o(i._printf_core) for _printf_core
    printf6.o(i.__0printf$6) refers to retarget_1.o(i.fputc) for fputc
    printf6.o(i.__0printf$6) refers to retarget_1.o(.data) for __stdout
    printf6.o(i.__0snprintf$6) refers to printf6.o(i._printf_core) for _printf_core
    printf6.o(i.__0snprintf$6) refers to printf6.o(i._snputc) for _snputc
    printf6.o(i.__0sprintf$6) refers to printf6.o(i._printf_core) for _printf_core
    printf6.o(i.__0sprintf$6) refers to printf6.o(i._sputc) for _sputc
    printf6.o(i.__0vfprintf$6) refers to printf6.o(i._printf_core) for _printf_core
    printf6.o(i.__0vfprintf$6) refers to retarget_1.o(i.fputc) for fputc
    printf6.o(i.__0vprintf$6) refers to printf6.o(i._printf_core) for _printf_core
    printf6.o(i.__0vprintf$6) refers to retarget_1.o(i.fputc) for fputc
    printf6.o(i.__0vprintf$6) refers to retarget_1.o(.data) for __stdout
    printf6.o(i.__0vsnprintf$6) refers to printf6.o(i._printf_core) for _printf_core
    printf6.o(i.__0vsnprintf$6) refers to printf6.o(i._snputc) for _snputc
    printf6.o(i.__0vsprintf$6) refers to printf6.o(i._printf_core) for _printf_core
    printf6.o(i.__0vsprintf$6) refers to printf6.o(i._sputc) for _sputc
    printf6.o(i._printf_core) refers to printf6.o(i._printf_pre_padding) for _printf_pre_padding
    printf6.o(i._printf_core) refers to printf6.o(i._printf_post_padding) for _printf_post_padding
    printf6.o(i._printf_core) refers to uidiv.o(.text) for __aeabi_uidivmod
    printf7.o(i.__0fprintf$7) refers to printf7.o(i._printf_core) for _printf_core
    printf7.o(i.__0fprintf$7) refers to retarget_1.o(i.fputc) for fputc
    printf7.o(i.__0printf$7) refers to printf7.o(i._printf_core) for _printf_core
    printf7.o(i.__0printf$7) refers to retarget_1.o(i.fputc) for fputc
    printf7.o(i.__0printf$7) refers to retarget_1.o(.data) for __stdout
    printf7.o(i.__0snprintf$7) refers to printf7.o(i._printf_core) for _printf_core
    printf7.o(i.__0snprintf$7) refers to printf7.o(i._snputc) for _snputc
    printf7.o(i.__0sprintf$7) refers to printf7.o(i._printf_core) for _printf_core
    printf7.o(i.__0sprintf$7) refers to printf7.o(i._sputc) for _sputc
    printf7.o(i.__0vfprintf$7) refers to printf7.o(i._printf_core) for _printf_core
    printf7.o(i.__0vfprintf$7) refers to retarget_1.o(i.fputc) for fputc
    printf7.o(i.__0vprintf$7) refers to printf7.o(i._printf_core) for _printf_core
    printf7.o(i.__0vprintf$7) refers to retarget_1.o(i.fputc) for fputc
    printf7.o(i.__0vprintf$7) refers to retarget_1.o(.data) for __stdout
    printf7.o(i.__0vsnprintf$7) refers to printf7.o(i._printf_core) for _printf_core
    printf7.o(i.__0vsnprintf$7) refers to printf7.o(i._snputc) for _snputc
    printf7.o(i.__0vsprintf$7) refers to printf7.o(i._printf_core) for _printf_core
    printf7.o(i.__0vsprintf$7) refers to printf7.o(i._sputc) for _sputc
    printf7.o(i._printf_core) refers to printf7.o(i._printf_pre_padding) for _printf_pre_padding
    printf7.o(i._printf_core) refers to printf7.o(i._printf_post_padding) for _printf_post_padding
    printf7.o(i._printf_core) refers to uldiv.o(.text) for __aeabi_uldivmod
    printf8.o(i.__0fprintf$8) refers to printf8.o(i._printf_core) for _printf_core
    printf8.o(i.__0fprintf$8) refers to retarget_1.o(i.fputc) for fputc
    printf8.o(i.__0printf$8) refers to printf8.o(i._printf_core) for _printf_core
    printf8.o(i.__0printf$8) refers to retarget_1.o(i.fputc) for fputc
    printf8.o(i.__0printf$8) refers to retarget_1.o(.data) for __stdout
    printf8.o(i.__0snprintf$8) refers to printf8.o(i._printf_core) for _printf_core
    printf8.o(i.__0snprintf$8) refers to printf8.o(i._snputc) for _snputc
    printf8.o(i.__0sprintf$8) refers to printf8.o(i._printf_core) for _printf_core
    printf8.o(i.__0sprintf$8) refers to printf8.o(i._sputc) for _sputc
    printf8.o(i.__0vfprintf$8) refers to printf8.o(i._printf_core) for _printf_core
    printf8.o(i.__0vfprintf$8) refers to retarget_1.o(i.fputc) for fputc
    printf8.o(i.__0vprintf$8) refers to printf8.o(i._printf_core) for _printf_core
    printf8.o(i.__0vprintf$8) refers to retarget_1.o(i.fputc) for fputc
    printf8.o(i.__0vprintf$8) refers to retarget_1.o(.data) for __stdout
    printf8.o(i.__0vsnprintf$8) refers to printf8.o(i._printf_core) for _printf_core
    printf8.o(i.__0vsnprintf$8) refers to printf8.o(i._snputc) for _snputc
    printf8.o(i.__0vsprintf$8) refers to printf8.o(i._printf_core) for _printf_core
    printf8.o(i.__0vsprintf$8) refers to printf8.o(i._sputc) for _sputc
    printf8.o(i._printf_core) refers to printf8.o(i._printf_pre_padding) for _printf_pre_padding
    printf8.o(i._printf_core) refers to printf8.o(i._printf_post_padding) for _printf_post_padding
    printf8.o(i._printf_core) refers to uldiv.o(.text) for __aeabi_uldivmod
    printfa.o(i.__0fprintf) refers (Special) to iusefp.o(.text) for __I$use$fp
    printfa.o(i.__0fprintf) refers to printfa.o(i._printf_core) for _printf_core
    printfa.o(i.__0fprintf) refers to retarget_1.o(i.fputc) for fputc
    printfa.o(i.__0printf) refers (Special) to iusefp.o(.text) for __I$use$fp
    printfa.o(i.__0printf) refers to printfa.o(i._printf_core) for _printf_core
    printfa.o(i.__0printf) refers to retarget_1.o(i.fputc) for fputc
    printfa.o(i.__0printf) refers to retarget_1.o(.data) for __stdout
    printfa.o(i.__0snprintf) refers (Special) to iusefp.o(.text) for __I$use$fp
    printfa.o(i.__0snprintf) refers to printfa.o(i._printf_core) for _printf_core
    printfa.o(i.__0snprintf) refers to printfa.o(i._snputc) for _snputc
    printfa.o(i.__0sprintf) refers (Special) to iusefp.o(.text) for __I$use$fp
    printfa.o(i.__0sprintf) refers to printfa.o(i._printf_core) for _printf_core
    printfa.o(i.__0sprintf) refers to printfa.o(i._sputc) for _sputc
    printfa.o(i.__0vfprintf) refers (Special) to iusefp.o(.text) for __I$use$fp
    printfa.o(i.__0vfprintf) refers to printfa.o(i._printf_core) for _printf_core
    printfa.o(i.__0vfprintf) refers to retarget_1.o(i.fputc) for fputc
    printfa.o(i.__0vprintf) refers (Special) to iusefp.o(.text) for __I$use$fp
    printfa.o(i.__0vprintf) refers to printfa.o(i._printf_core) for _printf_core
    printfa.o(i.__0vprintf) refers to retarget_1.o(i.fputc) for fputc
    printfa.o(i.__0vprintf) refers to retarget_1.o(.data) for __stdout
    printfa.o(i.__0vsnprintf) refers (Special) to iusefp.o(.text) for __I$use$fp
    printfa.o(i.__0vsnprintf) refers to printfa.o(i._printf_core) for _printf_core
    printfa.o(i.__0vsnprintf) refers to printfa.o(i._snputc) for _snputc
    printfa.o(i.__0vsprintf) refers (Special) to iusefp.o(.text) for __I$use$fp
    printfa.o(i.__0vsprintf) refers to printfa.o(i._printf_core) for _printf_core
    printfa.o(i.__0vsprintf) refers to printfa.o(i._sputc) for _sputc
    printfa.o(i._fp_digits) refers (Special) to iusefp.o(.text) for __I$use$fp
    printfa.o(i._fp_digits) refers to dmul.o(.text) for __aeabi_dmul
    printfa.o(i._fp_digits) refers to ddiv.o(.text) for __aeabi_ddiv
    printfa.o(i._fp_digits) refers to cdrcmple.o(.text) for __aeabi_cdrcmple
    printfa.o(i._fp_digits) refers to dadd.o(.text) for __aeabi_dadd
    printfa.o(i._fp_digits) refers to dfixul.o(.text) for __aeabi_d2ulz
    printfa.o(i._fp_digits) refers to uldiv.o(.text) for __aeabi_uldivmod
    printfa.o(i._printf_core) refers (Special) to iusefp.o(.text) for __I$use$fp
    printfa.o(i._printf_core) refers to printfa.o(i._printf_pre_padding) for _printf_pre_padding
    printfa.o(i._printf_core) refers to uldiv.o(.text) for __aeabi_uldivmod
    printfa.o(i._printf_core) refers to printfa.o(i._printf_post_padding) for _printf_post_padding
    printfa.o(i._printf_core) refers to printfa.o(i._fp_digits) for _fp_digits
    printfa.o(i._printf_core) refers to uidiv.o(.text) for __aeabi_uidivmod
    printfa.o(i._printf_post_padding) refers (Special) to iusefp.o(.text) for __I$use$fp
    printfa.o(i._printf_pre_padding) refers (Special) to iusefp.o(.text) for __I$use$fp
    printfa.o(i._snputc) refers (Special) to iusefp.o(.text) for __I$use$fp
    printfa.o(i._sputc) refers (Special) to iusefp.o(.text) for __I$use$fp
    entry2.o(.ARM.Collect$$$$00000001) refers to entry2.o(.ARM.Collect$$$$00002712) for __lit__00000000
    entry2.o(.ARM.Collect$$$$00002712) refers to startup_nuc029xee.o(STACK) for __initial_sp
    entry2.o(__vectab_stack_and_reset_area) refers to startup_nuc029xee.o(STACK) for __initial_sp
    entry2.o(__vectab_stack_and_reset_area) refers to entry.o(.ARM.Collect$$$$00000000) for __main
    entry5.o(.ARM.Collect$$$$00000004) refers to init.o(.text) for __scatterload
    entry9a.o(.ARM.Collect$$$$0000000B) refers to main.o(i.main) for main
    entry9b.o(.ARM.Collect$$$$0000000C) refers to main.o(i.main) for main
    uldiv.o(.text) refers to llushr.o(.text) for __aeabi_llsr
    uldiv.o(.text) refers to llshl.o(.text) for __aeabi_llsl
    dadd.o(.text) refers to llshl.o(.text) for __aeabi_llsl
    dadd.o(.text) refers to llsshr.o(.text) for __aeabi_lasr
    dadd.o(.text) refers to depilogue.o(.text) for _double_epilogue
    dmul.o(.text) refers to depilogue.o(.text) for _double_epilogue
    ddiv.o(.text) refers to depilogue.o(.text) for _double_round
    dfixul.o(.text) refers to llushr.o(.text) for __aeabi_llsr
    dfixul.o(.text) refers to llshl.o(.text) for __aeabi_llsl
    init.o(.text) refers to entry5.o(.ARM.Collect$$$$00000004) for __main_after_scatterload
    depilogue.o(.text) refers to depilogue.o(i.__ARM_clz) for __ARM_clz
    depilogue.o(.text) refers to llshl.o(.text) for __aeabi_llsl
    depilogue.o(.text) refers to llushr.o(.text) for __aeabi_llsr


==============================================================================

Removing Unused input sections from the image.

    Removing system_nuc029xee.o(.rev16_text), (4 bytes).
    Removing system_nuc029xee.o(.revsh_text), (4 bytes).
    Removing startup_nuc029xee.o(HEAP), (0 bytes).
    Removing ask.o(.rev16_text), (4 bytes).
    Removing ask.o(.revsh_text), (4 bytes).
    Removing ble.o(.rev16_text), (4 bytes).
    Removing ble.o(.revsh_text), (4 bytes).
    Removing ble.o(i.BLEdisable), (36 bytes).
    Removing ble.o(i.uart2Bufferinit), (84 bytes).
    Removing fsk.o(.rev16_text), (4 bytes).
    Removing fsk.o(.revsh_text), (4 bytes).
    Removing fsk.o(i.WaitFSK), (24 bytes).
    Removing fsk.o(.data), (1 bytes).
    Removing isr.o(.rev16_text), (4 bytes).
    Removing isr.o(.revsh_text), (4 bytes).
    Removing isr.o(.data), (4 bytes).
    Removing main.o(.rev16_text), (4 bytes).
    Removing main.o(.revsh_text), (4 bytes).
    Removing main.o(i.BLEbufferInit), (16 bytes).
    Removing main.o(i.ReadADC), (76 bytes).
    Removing main.o(i.StateMachine1), (116 bytes).
    Removing main.o(i.StateMachine3), (464 bytes).
    Removing main.o(i.UART1_Init), (28 bytes).
    Removing main.o(.data), (1 bytes).
    Removing main.o(.data), (1 bytes).
    Removing main.o(.data), (4 bytes).
    Removing retarget_1.o(.rev16_text), (4 bytes).
    Removing retarget_1.o(.revsh_text), (4 bytes).
    Removing retarget_1.o(i.GetChar), (20 bytes).
    Removing retarget_1.o(i.IsDebugFifoEmpty), (16 bytes).
    Removing retarget_1.o(i.SendChar), (8 bytes).
    Removing retarget_1.o(i._ttywrch), (8 bytes).
    Removing retarget_1.o(i.ferror), (6 bytes).
    Removing retarget_1.o(i.fgetc), (8 bytes).
    Removing retarget_1.o(i.kbhit), (16 bytes).
    Removing retarget_1.o(.data), (4 bytes).
    Removing sys_1.o(.rev16_text), (4 bytes).
    Removing sys_1.o(.revsh_text), (4 bytes).
    Removing sys_1.o(i.SYS_ClearResetSrc), (12 bytes).
    Removing sys_1.o(i.SYS_DisableBOD), (14 bytes).
    Removing sys_1.o(i.SYS_EnableBOD), (36 bytes).
    Removing sys_1.o(i.SYS_GetBODStatus), (12 bytes).
    Removing sys_1.o(i.SYS_GetResetSrc), (8 bytes).
    Removing sys_1.o(i.SYS_IsRegLocked), (16 bytes).
    Removing sys_1.o(i.SYS_ReadPDID), (8 bytes).
    Removing sys_1.o(i.SYS_ResetCPU), (14 bytes).
    Removing sys_1.o(i.SYS_ResetChip), (14 bytes).
    Removing clk_1.o(.rev16_text), (4 bytes).
    Removing clk_1.o(.revsh_text), (4 bytes).
    Removing clk_1.o(i.CLK_DisableCKO), (16 bytes).
    Removing clk_1.o(i.CLK_DisableModuleClock), (48 bytes).
    Removing clk_1.o(i.CLK_DisablePLL), (16 bytes).
    Removing clk_1.o(i.CLK_DisableSysTick), (12 bytes).
    Removing clk_1.o(i.CLK_DisableXtalRC), (16 bytes).
    Removing clk_1.o(i.CLK_EnableCKO), (52 bytes).
    Removing clk_1.o(i.CLK_EnableSysTick), (56 bytes).
    Removing clk_1.o(i.CLK_GetCPUFreq), (16 bytes).
    Removing clk_1.o(i.CLK_GetHCLKFreq), (16 bytes).
    Removing clk_1.o(i.CLK_GetHXTFreq), (20 bytes).
    Removing clk_1.o(i.CLK_GetLXTFreq), (24 bytes).
    Removing clk_1.o(i.CLK_GetPCLKFreq), (16 bytes).
    Removing clk_1.o(i.CLK_Idle), (32 bytes).
    Removing clk_1.o(i.CLK_PowerDown), (36 bytes).
    Removing clk_1.o(i.CLK_SetSysTickClockSrc), (20 bytes).
    Removing uart_1.o(.rev16_text), (4 bytes).
    Removing uart_1.o(.revsh_text), (4 bytes).
    Removing uart_1.o(i.UART_ClearIntFlag), (56 bytes).
    Removing uart_1.o(i.UART_Close), (6 bytes).
    Removing uart_1.o(i.UART_DisableFlowCtrl), (12 bytes).
    Removing uart_1.o(i.UART_DisableInt), (48 bytes).
    Removing uart_1.o(i.UART_EnableFlowCtrl), (30 bytes).
    Removing uart_1.o(i.UART_EnableInt), (48 bytes).
    Removing uart_1.o(i.UART_Read), (44 bytes).
    Removing uart_1.o(i.UART_SelectIrDAMode), (132 bytes).
    Removing uart_1.o(i.UART_SelectLINMode), (24 bytes).
    Removing uart_1.o(i.UART_SelectRS485Mode), (32 bytes).
    Removing uart_1.o(i.UART_SetLine_Config), (128 bytes).
    Removing uart_1.o(i.UART_SetTimeoutCnt), (22 bytes).
    Removing uart_1.o(i.UART_Write), (44 bytes).
    Removing timer_1.o(.rev16_text), (4 bytes).
    Removing timer_1.o(.revsh_text), (4 bytes).
    Removing timer_1.o(i.TIMER_Close), (8 bytes).
    Removing timer_1.o(i.TIMER_DisableCapture), (10 bytes).
    Removing timer_1.o(i.TIMER_DisableEventCounter), (12 bytes).
    Removing timer_1.o(i.TIMER_EnableCapture), (20 bytes).
    Removing timer_1.o(i.TIMER_EnableEventCounter), (22 bytes).
    Removing gpio.o(.rev16_text), (4 bytes).
    Removing gpio.o(.revsh_text), (4 bytes).
    Removing gpio.o(i.GPIO_DisableInt), (28 bytes).
    Removing adc.o(.rev16_text), (4 bytes).
    Removing adc.o(.revsh_text), (4 bytes).
    Removing adc.o(i.ADC_Close), (10 bytes).
    Removing adc.o(i.ADC_DisableHWTrigger), (12 bytes).
    Removing adc.o(i.ADC_DisableInt), (36 bytes).
    Removing adc.o(i.ADC_EnableHWTrigger), (28 bytes).
    Removing adc.o(i.ADC_EnableInt), (36 bytes).
    Removing adc.o(i.ADC_Open), (48 bytes).
    Removing dadd.o(.text), (360 bytes).
    Removing dmul.o(.text), (208 bytes).
    Removing ddiv.o(.text), (240 bytes).
    Removing dfixul.o(.text), (64 bytes).
    Removing cdrcmple.o(.text), (40 bytes).
    Removing depilogue.o(.text), (190 bytes).
    Removing depilogue.o(i.__ARM_clz), (46 bytes).

104 unused section(s) (total 3619 bytes) removed from the image.

==============================================================================

Image Symbol Table

    Local Symbols

    Symbol Name                              Value     Ov Type        Size  Object(Section)

    RESET                                    0x00000000   Section      192  startup_nuc029xee.o(RESET)
    ../clib/microlib/division.c              0x00000000   Number         0  uidiv.o ABSOLUTE
    ../clib/microlib/division.c              0x00000000   Number         0  uldiv.o ABSOLUTE
    ../clib/microlib/division.c              0x00000000   Number         0  idiv.o ABSOLUTE
    ../clib/microlib/init/entry.s            0x00000000   Number         0  entry.o ABSOLUTE
    ../clib/microlib/init/entry.s            0x00000000   Number         0  entry12b.o ABSOLUTE
    ../clib/microlib/init/entry.s            0x00000000   Number         0  entry5.o ABSOLUTE
    ../clib/microlib/init/entry.s            0x00000000   Number         0  entry7a.o ABSOLUTE
    ../clib/microlib/init/entry.s            0x00000000   Number         0  entry8a.o ABSOLUTE
    ../clib/microlib/init/entry.s            0x00000000   Number         0  entry7b.o ABSOLUTE
    ../clib/microlib/init/entry.s            0x00000000   Number         0  entry8b.o ABSOLUTE
    ../clib/microlib/init/entry.s            0x00000000   Number         0  entry9a.o ABSOLUTE
    ../clib/microlib/init/entry.s            0x00000000   Number         0  entry9b.o ABSOLUTE
    ../clib/microlib/init/entry.s            0x00000000   Number         0  entry10a.o ABSOLUTE
    ../clib/microlib/init/entry.s            0x00000000   Number         0  entry10b.o ABSOLUTE
    ../clib/microlib/init/entry.s            0x00000000   Number         0  entry11a.o ABSOLUTE
    ../clib/microlib/init/entry.s            0x00000000   Number         0  entry11b.o ABSOLUTE
    ../clib/microlib/init/entry.s            0x00000000   Number         0  entry12a.o ABSOLUTE
    ../clib/microlib/init/entry.s            0x00000000   Number         0  entry2.o ABSOLUTE
    ../clib/microlib/longlong.c              0x00000000   Number         0  llsshr.o ABSOLUTE
    ../clib/microlib/longlong.c              0x00000000   Number         0  llushr.o ABSOLUTE
    ../clib/microlib/longlong.c              0x00000000   Number         0  llshl.o ABSOLUTE
    ../clib/microlib/printf/printf.c         0x00000000   Number         0  printf3.o ABSOLUTE
    ../clib/microlib/printf/printf.c         0x00000000   Number         0  printf2.o ABSOLUTE
    ../clib/microlib/printf/printf.c         0x00000000   Number         0  printf0.o ABSOLUTE
    ../clib/microlib/printf/printf.c         0x00000000   Number         0  printfb.o ABSOLUTE
    ../clib/microlib/printf/printf.c         0x00000000   Number         0  printf1.o ABSOLUTE
    ../clib/microlib/printf/printf.c         0x00000000   Number         0  printfa.o ABSOLUTE
    ../clib/microlib/printf/printf.c         0x00000000   Number         0  printf8.o ABSOLUTE
    ../clib/microlib/printf/printf.c         0x00000000   Number         0  printf7.o ABSOLUTE
    ../clib/microlib/printf/printf.c         0x00000000   Number         0  printf6.o ABSOLUTE
    ../clib/microlib/printf/printf.c         0x00000000   Number         0  printf5.o ABSOLUTE
    ../clib/microlib/printf/printf.c         0x00000000   Number         0  printf4.o ABSOLUTE
    ../clib/microlib/printf/stubs.s          0x00000000   Number         0  stubs.o ABSOLUTE
    ../clib/microlib/string/memcpy.c         0x00000000   Number         0  memcpyb.o ABSOLUTE
    ../clib/microlib/string/memcpy.c         0x00000000   Number         0  memcpya.o ABSOLUTE
    ../clib/microlib/string/memset.c         0x00000000   Number         0  memseta.o ABSOLUTE
    ../clib/microlib/stubs.s                 0x00000000   Number         0  iusefp.o ABSOLUTE
    ../fplib/microlib/fpadd.c                0x00000000   Number         0  dadd.o ABSOLUTE
    ../fplib/microlib/fpdiv.c                0x00000000   Number         0  ddiv.o ABSOLUTE
    ../fplib/microlib/fpepilogue.c           0x00000000   Number         0  depilogue.o ABSOLUTE
    ../fplib/microlib/fpfix.c                0x00000000   Number         0  dfixul.o ABSOLUTE
    ../fplib/microlib/fpmul.c                0x00000000   Number         0  dmul.o ABSOLUTE
    ..\..\..\..\Library\Device\Nuvoton\NUC029xEE\Source\ARM\startup_NUC029xEE.s 0x00000000   Number         0  startup_nuc029xee.o ABSOLUTE
    ..\..\..\..\Library\Device\Nuvoton\NUC029xEE\Source\system_NUC029xEE.c 0x00000000   Number         0  system_nuc029xee.o ABSOLUTE
    ..\..\..\..\Library\StdDriver\src\adc.c  0x00000000   Number         0  adc.o ABSOLUTE
    ..\..\..\..\Library\StdDriver\src\clk.c  0x00000000   Number         0  clk_1.o ABSOLUTE
    ..\..\..\..\Library\StdDriver\src\gpio.c 0x00000000   Number         0  gpio.o ABSOLUTE
    ..\..\..\..\Library\StdDriver\src\retarget.c 0x00000000   Number         0  retarget_1.o ABSOLUTE
    ..\..\..\..\Library\StdDriver\src\sys.c  0x00000000   Number         0  sys_1.o ABSOLUTE
    ..\..\..\..\Library\StdDriver\src\timer.c 0x00000000   Number         0  timer_1.o ABSOLUTE
    ..\..\..\..\Library\StdDriver\src\uart.c 0x00000000   Number         0  uart_1.o ABSOLUTE
    ..\ASK.c                                 0x00000000   Number         0  ask.o ABSOLUTE
    ..\BLE.c                                 0x00000000   Number         0  ble.o ABSOLUTE
    ..\FSK.c                                 0x00000000   Number         0  fsk.o ABSOLUTE
    ..\ISR.c                                 0x00000000   Number         0  isr.o ABSOLUTE
    ..\\..\\..\\..\\Library\\Device\\Nuvoton\\NUC029xEE\\Source\\system_NUC029xEE.c 0x00000000   Number         0  system_nuc029xee.o ABSOLUTE
    ..\\..\\..\\..\\Library\\StdDriver\\src\\adc.c 0x00000000   Number         0  adc.o ABSOLUTE
    ..\\..\\..\\..\\Library\\StdDriver\\src\\clk.c 0x00000000   Number         0  clk_1.o ABSOLUTE
    ..\\..\\..\\..\\Library\\StdDriver\\src\\gpio.c 0x00000000   Number         0  gpio.o ABSOLUTE
    ..\\..\\..\\..\\Library\\StdDriver\\src\\retarget.c 0x00000000   Number         0  retarget_1.o ABSOLUTE
    ..\\..\\..\\..\\Library\\StdDriver\\src\\sys.c 0x00000000   Number         0  sys_1.o ABSOLUTE
    ..\\..\\..\\..\\Library\\StdDriver\\src\\timer.c 0x00000000   Number         0  timer_1.o ABSOLUTE
    ..\\..\\..\\..\\Library\\StdDriver\\src\\uart.c 0x00000000   Number         0  uart_1.o ABSOLUTE
    ..\\ASK.c                                0x00000000   Number         0  ask.o ABSOLUTE
    ..\\BLE.c                                0x00000000   Number         0  ble.o ABSOLUTE
    ..\\FSK.c                                0x00000000   Number         0  fsk.o ABSOLUTE
    ..\\ISR.c                                0x00000000   Number         0  isr.o ABSOLUTE
    ..\\main.c                               0x00000000   Number         0  main.o ABSOLUTE
    ..\main.c                                0x00000000   Number         0  main.o ABSOLUTE
    cdrcmple.s                               0x00000000   Number         0  cdrcmple.o ABSOLUTE
    handlers.s                               0x00000000   Number         0  handlers.o ABSOLUTE
    init.s                                   0x00000000   Number         0  init.o ABSOLUTE
    .ARM.Collect$$$$00000000                 0x000000c0   Section        0  entry.o(.ARM.Collect$$$$00000000)
    .ARM.Collect$$$$00000001                 0x000000c0   Section        4  entry2.o(.ARM.Collect$$$$00000001)
    .ARM.Collect$$$$00000004                 0x000000c4   Section        4  entry5.o(.ARM.Collect$$$$00000004)
    .ARM.Collect$$$$00000008                 0x000000c8   Section        0  entry7b.o(.ARM.Collect$$$$00000008)
    .ARM.Collect$$$$0000000A                 0x000000c8   Section        0  entry8b.o(.ARM.Collect$$$$0000000A)
    .ARM.Collect$$$$0000000B                 0x000000c8   Section        8  entry9a.o(.ARM.Collect$$$$0000000B)
    .ARM.Collect$$$$0000000E                 0x000000d0   Section        4  entry12b.o(.ARM.Collect$$$$0000000E)
    .ARM.Collect$$$$0000000F                 0x000000d4   Section        0  entry10a.o(.ARM.Collect$$$$0000000F)
    .ARM.Collect$$$$00000011                 0x000000d4   Section        0  entry11a.o(.ARM.Collect$$$$00000011)
    .ARM.Collect$$$$00002712                 0x000000d4   Section        4  entry2.o(.ARM.Collect$$$$00002712)
    __lit__00000000                          0x000000d4   Data           4  entry2.o(.ARM.Collect$$$$00002712)
    .emb_text                                0x000000d8   Section       28  retarget_1.o(.emb_text)
    .text                                    0x000000f4   Section       76  startup_nuc029xee.o(.text)
    Default_Handler                          0x0000011f   Thumb Code     2  startup_nuc029xee.o(.text)
    .text                                    0x00000140   Section        0  uidiv.o(.text)
    .text                                    0x0000016c   Section        0  idiv.o(.text)
    .text                                    0x00000194   Section        0  memcpya.o(.text)
    .text                                    0x000001b8   Section        0  uldiv.o(.text)
    .text                                    0x00000218   Section       36  init.o(.text)
    .text                                    0x0000023c   Section        0  llshl.o(.text)
    .text                                    0x0000025c   Section        0  llushr.o(.text)
    i.AskByteOut                             0x00000280   Section        0  ask.o(i.AskByteOut)
    i.AskOut                                 0x000002f0   Section        0  ask.o(i.AskOut)
    i.BLEenable                              0x000003a0   Section        0  ble.o(i.BLEenable)
    i.CLK_EnableModuleClock                  0x000003d8   Section        0  clk_1.o(i.CLK_EnableModuleClock)
    i.CLK_EnablePLL                          0x00000408   Section        0  clk_1.o(i.CLK_EnablePLL)
    i.CLK_EnableXtalRC                       0x000005a0   Section        0  clk_1.o(i.CLK_EnableXtalRC)
    i.CLK_GetPLLClockFreq                    0x000005b0   Section        0  uart_1.o(i.CLK_GetPLLClockFreq)
    CLK_GetPLLClockFreq                      0x000005b1   Thumb Code    70  uart_1.o(i.CLK_GetPLLClockFreq)
    i.CLK_SetCoreClock                       0x00000608   Section        0  clk_1.o(i.CLK_SetCoreClock)
    i.CLK_SetHCLK                            0x000006d8   Section        0  clk_1.o(i.CLK_SetHCLK)
    i.CLK_SetModuleClock                     0x00000720   Section        0  clk_1.o(i.CLK_SetModuleClock)
    i.CLK_WaitClockReady                     0x000007dc   Section        0  clk_1.o(i.CLK_WaitClockReady)
    i.DataPacketStart                        0x00000808   Section        0  ask.o(i.DataPacketStart)
    i.FskBitUpdate                           0x00000a24   Section        0  fsk.o(i.FskBitUpdate)
    i.GPAB_IRQHandler                        0x00000a98   Section        0  isr.o(i.GPAB_IRQHandler)
    i.GPIO_EnableInt                         0x00000b20   Section        0  gpio.o(i.GPIO_EnableInt)
    i.GPIO_SetMode                           0x00000b4c   Section        0  gpio.o(i.GPIO_SetMode)
    i.Hard_Fault_Handler                     0x00000b74   Section        0  retarget_1.o(i.Hard_Fault_Handler)
    __tagsym$$used                           0x00000b75   Number         0  retarget_1.o(i.Hard_Fault_Handler)
    i.MyDelay                                0x00000b9c   Section        0  ask.o(i.MyDelay)
    i.PB14Toggle                             0x00000bb0   Section        0  ask.o(i.PB14Toggle)
    i.SYS_Init1                              0x00000bc8   Section        0  main.o(i.SYS_Init1)
    i.SYS_Init2                              0x00000c50   Section        0  main.o(i.SYS_Init2)
    i.SYS_ResetModule                        0x00000cc0   Section        0  sys_1.o(i.SYS_ResetModule)
    i.SendChar_ToUART                        0x00000cdc   Section        0  retarget_1.o(i.SendChar_ToUART)
    i.StateMachine2                          0x00000cfc   Section        0  main.o(i.StateMachine2)
    i.SystemCoreClockUpdate                  0x00000e88   Section        0  system_nuc029xee.o(i.SystemCoreClockUpdate)
    i.SystemInit                             0x00000f18   Section        0  system_nuc029xee.o(i.SystemInit)
    i.TIMER_Delay                            0x00000f1c   Section        0  timer_1.o(i.TIMER_Delay)
    i.TIMER_GetModuleClock                   0x00000fb0   Section        0  timer_1.o(i.TIMER_GetModuleClock)
    i.TIMER_Open                             0x00001018   Section        0  timer_1.o(i.TIMER_Open)
    i.TMR0_IRQHandler                        0x00001058   Section        0  isr.o(i.TMR0_IRQHandler)
    i.UART02_IRQHandler                      0x00001080   Section        0  isr.o(i.UART02_IRQHandler)
    i.UART0_Init                             0x000010e4   Section        0  main.o(i.UART0_Init)
    i.UART2_Init                             0x00001100   Section        0  main.o(i.UART2_Init)
    i.UART_Open                              0x0000111c   Section        0  uart_1.o(i.UART_Open)
    i.__0printf$8                            0x000011a4   Section        0  printf8.o(i.__0printf$8)
    i.__ARM_common_switch8                   0x000011c4   Section        0  ask.o(i.__ARM_common_switch8)
    i.__scatterload_copy                     0x000011de   Section       14  handlers.o(i.__scatterload_copy)
    i.__scatterload_null                     0x000011ec   Section        2  handlers.o(i.__scatterload_null)
    i.__scatterload_zeroinit                 0x000011ee   Section       14  handlers.o(i.__scatterload_zeroinit)
    i._printf_core                           0x000011fc   Section        0  printf8.o(i._printf_core)
    _printf_core                             0x000011fd   Thumb Code  1020  printf8.o(i._printf_core)
    i._printf_post_padding                   0x00001624   Section        0  printf8.o(i._printf_post_padding)
    _printf_post_padding                     0x00001625   Thumb Code    32  printf8.o(i._printf_post_padding)
    i._printf_pre_padding                    0x00001644   Section        0  printf8.o(i._printf_pre_padding)
    _printf_pre_padding                      0x00001645   Thumb Code    44  printf8.o(i._printf_pre_padding)
    i.fputc                                  0x00001670   Section        0  retarget_1.o(i.fputc)
    i.main                                   0x0000167c   Section        0  main.o(i.main)
    i.sendDataToBle                          0x00001780   Section        0  ble.o(i.sendDataToBle)
    i.stackDump                              0x000017d4   Section        0  retarget_1.o(i.stackDump)
    stackDump                                0x000017d5   Thumb Code    70  retarget_1.o(i.stackDump)
    .constdata                               0x0000187c   Section       56  clk_1.o(.constdata)
    .constdata                               0x000018b4   Section       48  uart_1.o(.constdata)
    .constdata                               0x000018e4   Section       32  timer_1.o(.constdata)
    .data                                    0x20000000   Section       44  system_nuc029xee.o(.data)
    .data                                    0x2000002c   Section       24  ask.o(.data)
    .data                                    0x20000044   Section        4  ble.o(.data)
    .data                                    0x20000048   Section       12  fsk.o(.data)
    .data                                    0x20000054   Section       16  isr.o(.data)
    .data                                    0x20000064   Section       46  main.o(.data)
    .data                                    0x20000094   Section        4  main.o(.data)
    .data                                    0x20000098   Section        1  main.o(.data)
    .data                                    0x20000099   Section        1  main.o(.data)
    .data                                    0x2000009a   Section        1  main.o(.data)
    .data                                    0x200000a0   Section        8  main.o(.data)
    .data                                    0x200000a8   Section        2  main.o(.data)
    .data                                    0x200000aa   Section        1  main.o(.data)
    .data                                    0x200000ab   Section        1  main.o(.data)
    .data                                    0x200000ac   Section        1  main.o(.data)
    .data                                    0x200000ad   Section        1  main.o(.data)
    .data                                    0x200000b0   Section        4  retarget_1.o(.data)
    .bss                                     0x200000b4   Section      128  ble.o(.bss)
    .bss                                     0x20000134   Section      200  main.o(.bss)
    STACK                                    0x20000200   Section     1024  startup_nuc029xee.o(STACK)

    Global Symbols

    Symbol Name                              Value     Ov Type        Size  Object(Section)

    BuildAttributes$$THM_ISAv3M$S$PE$A:L22$X:L11$S22$IEEE1$IW$USESV6$~STKCKD$USESV7$~SHL$OSPACE$ROPI$EBA8$MICROLIB$REQ8$PRES8$EABIv2 0x00000000   Number         0  anon$$obj.o ABSOLUTE
    __ARM_use_no_argv                        0x00000000   Number         0  main.o ABSOLUTE
    __Vectors                                0x00000000   Data           4  startup_nuc029xee.o(RESET)
    _printf_a                                0x00000000   Number         0  stubs.o ABSOLUTE
    _printf_c                                0x00000000   Number         0  stubs.o ABSOLUTE
    _printf_charcount                        0x00000000   Number         0  stubs.o ABSOLUTE
    _printf_d                                0x00000000   Number         0  stubs.o ABSOLUTE
    _printf_e                                0x00000000   Number         0  stubs.o ABSOLUTE
    _printf_f                                0x00000000   Number         0  stubs.o ABSOLUTE
    _printf_flags                            0x00000000   Number         0  stubs.o ABSOLUTE
    _printf_fp_dec                           0x00000000   Number         0  stubs.o ABSOLUTE
    _printf_fp_hex                           0x00000000   Number         0  stubs.o ABSOLUTE
    _printf_g                                0x00000000   Number         0  stubs.o ABSOLUTE
    _printf_i                                0x00000000   Number         0  stubs.o ABSOLUTE
    _printf_int_dec                          0x00000000   Number         0  stubs.o ABSOLUTE
    _printf_l                                0x00000000   Number         0  stubs.o ABSOLUTE
    _printf_lc                               0x00000000   Number         0  stubs.o ABSOLUTE
    _printf_ll                               0x00000000   Number         0  stubs.o ABSOLUTE
    _printf_lld                              0x00000000   Number         0  stubs.o ABSOLUTE
    _printf_lli                              0x00000000   Number         0  stubs.o ABSOLUTE
    _printf_llo                              0x00000000   Number         0  stubs.o ABSOLUTE
    _printf_llu                              0x00000000   Number         0  stubs.o ABSOLUTE
    _printf_llx                              0x00000000   Number         0  stubs.o ABSOLUTE
    _printf_longlong_dec                     0x00000000   Number         0  stubs.o ABSOLUTE
    _printf_longlong_hex                     0x00000000   Number         0  stubs.o ABSOLUTE
    _printf_longlong_oct                     0x00000000   Number         0  stubs.o ABSOLUTE
    _printf_ls                               0x00000000   Number         0  stubs.o ABSOLUTE
    _printf_mbtowc                           0x00000000   Number         0  stubs.o ABSOLUTE
    _printf_n                                0x00000000   Number         0  stubs.o ABSOLUTE
    _printf_o                                0x00000000   Number         0  stubs.o ABSOLUTE
    _printf_p                                0x00000000   Number         0  stubs.o ABSOLUTE
    _printf_percent                          0x00000000   Number         0  stubs.o ABSOLUTE
    _printf_pre_padding                      0x00000000   Number         0  stubs.o ABSOLUTE
    _printf_return_value                     0x00000000   Number         0  stubs.o ABSOLUTE
    _printf_s                                0x00000000   Number         0  stubs.o ABSOLUTE
    _printf_sizespec                         0x00000000   Number         0  stubs.o ABSOLUTE
    _printf_str                              0x00000000   Number         0  stubs.o ABSOLUTE
    _printf_truncate_signed                  0x00000000   Number         0  stubs.o ABSOLUTE
    _printf_truncate_unsigned                0x00000000   Number         0  stubs.o ABSOLUTE
    _printf_u                                0x00000000   Number         0  stubs.o ABSOLUTE
    _printf_wc                               0x00000000   Number         0  stubs.o ABSOLUTE
    _printf_wctomb                           0x00000000   Number         0  stubs.o ABSOLUTE
    _printf_widthprec                        0x00000000   Number         0  stubs.o ABSOLUTE
    _printf_x                                0x00000000   Number         0  stubs.o ABSOLUTE
    __arm_fini_                               - Undefined Weak Reference
    __cpp_initialize__aeabi_                  - Undefined Weak Reference
    __cxa_finalize                            - Undefined Weak Reference
    __decompress                              - Undefined Weak Reference
    _clock_init                               - Undefined Weak Reference
    _microlib_exit                            - Undefined Weak Reference
    __main                                   0x000000c1   Thumb Code     0  entry.o(.ARM.Collect$$$$00000000)
    _main_stk                                0x000000c1   Thumb Code     0  entry2.o(.ARM.Collect$$$$00000001)
    _main_scatterload                        0x000000c5   Thumb Code     0  entry5.o(.ARM.Collect$$$$00000004)
    __main_after_scatterload                 0x000000c9   Thumb Code     0  entry5.o(.ARM.Collect$$$$00000004)
    _main_clock                              0x000000c9   Thumb Code     0  entry7b.o(.ARM.Collect$$$$00000008)
    _main_cpp_init                           0x000000c9   Thumb Code     0  entry8b.o(.ARM.Collect$$$$0000000A)
    _main_init                               0x000000c9   Thumb Code     0  entry9a.o(.ARM.Collect$$$$0000000B)
    __rt_lib_shutdown_fini                   0x000000d1   Thumb Code     0  entry12b.o(.ARM.Collect$$$$0000000E)
    __rt_final_cpp                           0x000000d5   Thumb Code     0  entry10a.o(.ARM.Collect$$$$0000000F)
    __rt_final_exit                          0x000000d5   Thumb Code     0  entry11a.o(.ARM.Collect$$$$00000011)
    HardFault_Handler                        0x000000d9   Thumb Code    24  retarget_1.o(.emb_text)
    Reset_Handler                            0x000000f5   Thumb Code    32  startup_nuc029xee.o(.text)
    NMI_Handler                              0x00000115   Thumb Code     2  startup_nuc029xee.o(.text)
    SVC_Handler                              0x00000119   Thumb Code     2  startup_nuc029xee.o(.text)
    PendSV_Handler                           0x0000011b   Thumb Code     2  startup_nuc029xee.o(.text)
    SysTick_Handler                          0x0000011d   Thumb Code     2  startup_nuc029xee.o(.text)
    ADC_IRQHandler                           0x0000011f   Thumb Code     0  startup_nuc029xee.o(.text)
    BOD_IRQHandler                           0x0000011f   Thumb Code     0  startup_nuc029xee.o(.text)
    EINT0_IRQHandler                         0x0000011f   Thumb Code     0  startup_nuc029xee.o(.text)
    EINT1_IRQHandler                         0x0000011f   Thumb Code     0  startup_nuc029xee.o(.text)
    GPCDEF_IRQHandler                        0x0000011f   Thumb Code     0  startup_nuc029xee.o(.text)
    I2C0_IRQHandler                          0x0000011f   Thumb Code     0  startup_nuc029xee.o(.text)
    I2C1_IRQHandler                          0x0000011f   Thumb Code     0  startup_nuc029xee.o(.text)
    PDMA_IRQHandler                          0x0000011f   Thumb Code     0  startup_nuc029xee.o(.text)
    PWMA_IRQHandler                          0x0000011f   Thumb Code     0  startup_nuc029xee.o(.text)
    PWMB_IRQHandler                          0x0000011f   Thumb Code     0  startup_nuc029xee.o(.text)
    PWRWU_IRQHandler                         0x0000011f   Thumb Code     0  startup_nuc029xee.o(.text)
    RTC_IRQHandler                           0x0000011f   Thumb Code     0  startup_nuc029xee.o(.text)
    SPI0_IRQHandler                          0x0000011f   Thumb Code     0  startup_nuc029xee.o(.text)
    SPI1_IRQHandler                          0x0000011f   Thumb Code     0  startup_nuc029xee.o(.text)
    TMR1_IRQHandler                          0x0000011f   Thumb Code     0  startup_nuc029xee.o(.text)
    TMR2_IRQHandler                          0x0000011f   Thumb Code     0  startup_nuc029xee.o(.text)
    TMR3_IRQHandler                          0x0000011f   Thumb Code     0  startup_nuc029xee.o(.text)
    UART1_IRQHandler                         0x0000011f   Thumb Code     0  startup_nuc029xee.o(.text)
    USBD_IRQHandler                          0x0000011f   Thumb Code     0  startup_nuc029xee.o(.text)
    WDT_IRQHandler                           0x0000011f   Thumb Code     0  startup_nuc029xee.o(.text)
    __aeabi_uidiv                            0x00000141   Thumb Code     0  uidiv.o(.text)
    __aeabi_uidivmod                         0x00000141   Thumb Code    44  uidiv.o(.text)
    __aeabi_idiv                             0x0000016d   Thumb Code     0  idiv.o(.text)
    __aeabi_idivmod                          0x0000016d   Thumb Code    40  idiv.o(.text)
    __aeabi_memcpy                           0x00000195   Thumb Code    36  memcpya.o(.text)
    __aeabi_memcpy4                          0x00000195   Thumb Code     0  memcpya.o(.text)
    __aeabi_memcpy8                          0x00000195   Thumb Code     0  memcpya.o(.text)
    __aeabi_uldivmod                         0x000001b9   Thumb Code    96  uldiv.o(.text)
    __scatterload                            0x00000219   Thumb Code    28  init.o(.text)
    __scatterload_rt2                        0x00000219   Thumb Code     0  init.o(.text)
    __aeabi_llsl                             0x0000023d   Thumb Code    32  llshl.o(.text)
    _ll_shift_l                              0x0000023d   Thumb Code     0  llshl.o(.text)
    __aeabi_llsr                             0x0000025d   Thumb Code    34  llushr.o(.text)
    _ll_ushift_r                             0x0000025d   Thumb Code     0  llushr.o(.text)
    AskByteOut                               0x00000281   Thumb Code   102  ask.o(i.AskByteOut)
    AskOut                                   0x000002f1   Thumb Code   160  ask.o(i.AskOut)
    BLEenable                                0x000003a1   Thumb Code    38  ble.o(i.BLEenable)
    CLK_EnableModuleClock                    0x000003d9   Thumb Code    40  clk_1.o(i.CLK_EnableModuleClock)
    CLK_EnablePLL                            0x00000409   Thumb Code   348  clk_1.o(i.CLK_EnablePLL)
    CLK_EnableXtalRC                         0x000005a1   Thumb Code    10  clk_1.o(i.CLK_EnableXtalRC)
    CLK_SetCoreClock                         0x00000609   Thumb Code   186  clk_1.o(i.CLK_SetCoreClock)
    CLK_SetHCLK                              0x000006d9   Thumb Code    66  clk_1.o(i.CLK_SetHCLK)
    CLK_SetModuleClock                       0x00000721   Thumb Code   166  clk_1.o(i.CLK_SetModuleClock)
    CLK_WaitClockReady                       0x000007dd   Thumb Code    34  clk_1.o(i.CLK_WaitClockReady)
    DataPacketStart                          0x00000809   Thumb Code   416  ask.o(i.DataPacketStart)
    FskBitUpdate                             0x00000a25   Thumb Code   106  fsk.o(i.FskBitUpdate)
    GPAB_IRQHandler                          0x00000a99   Thumb Code   114  isr.o(i.GPAB_IRQHandler)
    GPIO_EnableInt                           0x00000b21   Thumb Code    38  gpio.o(i.GPIO_EnableInt)
    GPIO_SetMode                             0x00000b4d   Thumb Code    40  gpio.o(i.GPIO_SetMode)
    Hard_Fault_Handler                       0x00000b75   Thumb Code    16  retarget_1.o(i.Hard_Fault_Handler)
    MyDelay                                  0x00000b9d   Thumb Code    14  ask.o(i.MyDelay)
    PB14Toggle                               0x00000bb1   Thumb Code    18  ask.o(i.PB14Toggle)
    SYS_Init1                                0x00000bc9   Thumb Code   122  main.o(i.SYS_Init1)
    SYS_Init2                                0x00000c51   Thumb Code   102  main.o(i.SYS_Init2)
    SYS_ResetModule                          0x00000cc1   Thumb Code    26  sys_1.o(i.SYS_ResetModule)
    SendChar_ToUART                          0x00000cdd   Thumb Code    26  retarget_1.o(i.SendChar_ToUART)
    StateMachine2                            0x00000cfd   Thumb Code   344  main.o(i.StateMachine2)
    SystemCoreClockUpdate                    0x00000e89   Thumb Code   118  system_nuc029xee.o(i.SystemCoreClockUpdate)
    SystemInit                               0x00000f19   Thumb Code     2  system_nuc029xee.o(i.SystemInit)
    TIMER_Delay                              0x00000f1d   Thumb Code   134  timer_1.o(i.TIMER_Delay)
    TIMER_GetModuleClock                     0x00000fb1   Thumb Code    82  timer_1.o(i.TIMER_GetModuleClock)
    TIMER_Open                               0x00001019   Thumb Code    64  timer_1.o(i.TIMER_Open)
    TMR0_IRQHandler                          0x00001059   Thumb Code    30  isr.o(i.TMR0_IRQHandler)
    UART02_IRQHandler                        0x00001081   Thumb Code    62  isr.o(i.UART02_IRQHandler)
    UART0_Init                               0x000010e5   Thumb Code    20  main.o(i.UART0_Init)
    UART2_Init                               0x00001101   Thumb Code    20  main.o(i.UART2_Init)
    UART_Open                                0x0000111d   Thumb Code   120  uart_1.o(i.UART_Open)
    __0printf$8                              0x000011a5   Thumb Code    24  printf8.o(i.__0printf$8)
    __1printf$8                              0x000011a5   Thumb Code     0  printf8.o(i.__0printf$8)
    __2printf                                0x000011a5   Thumb Code     0  printf8.o(i.__0printf$8)
    __ARM_common_switch8                     0x000011c5   Thumb Code    26  ask.o(i.__ARM_common_switch8)
    __scatterload_copy                       0x000011df   Thumb Code    14  handlers.o(i.__scatterload_copy)
    __scatterload_null                       0x000011ed   Thumb Code     2  handlers.o(i.__scatterload_null)
    __scatterload_zeroinit                   0x000011ef   Thumb Code    14  handlers.o(i.__scatterload_zeroinit)
    fputc                                    0x00001671   Thumb Code    12  retarget_1.o(i.fputc)
    main                                     0x0000167d   Thumb Code   208  main.o(i.main)
    sendDataToBle                            0x00001781   Thumb Code    80  ble.o(i.sendDataToBle)
    Region$$Table$$Base                      0x00001904   Number         0  anon$$obj.o(Region$$Table)
    Region$$Table$$Limit                     0x00001924   Number         0  anon$$obj.o(Region$$Table)
    SystemCoreClock                          0x20000000   Data           4  system_nuc029xee.o(.data)
    CyclesPerUs                              0x20000004   Data           4  system_nuc029xee.o(.data)
    PllClock                                 0x20000008   Data           4  system_nuc029xee.o(.data)
    gau32ClkSrcTbl                           0x2000000c   Data          32  system_nuc029xee.o(.data)
    ByteOutCnt                               0x2000002c   Data           1  ask.o(.data)
    Parity                                   0x2000002d   Data           1  ask.o(.data)
    InAskTransfer                            0x2000002e   Data           1  ask.o(.data)
    AskBufferCnt                             0x2000002f   Data           1  ask.o(.data)
    AskHeader                                0x20000030   Data           1  ask.o(.data)
    AskDataCnt                               0x20000031   Data           1  ask.o(.data)
    AskCheckSum                              0x20000032   Data           1  ask.o(.data)
    AskState                                 0x20000034   Data           4  ask.o(.data)
    AskCnt                                   0x20000038   Data           4  ask.o(.data)
    AskBuffer                                0x2000003c   Data           8  ask.o(.data)
    UartBufferCnt                            0x20000044   Data           4  ble.o(.data)
    FskByte                                  0x20000048   Data           1  fsk.o(.data)
    ByteCnt                                  0x20000049   Data           1  fsk.o(.data)
    FskParity                                0x2000004a   Data           1  fsk.o(.data)
    InFskTransfer                            0x2000004b   Data           1  fsk.o(.data)
    FskBuffer                                0x2000004c   Data           8  fsk.o(.data)
    HalfBitCnt                               0x20000054   Data           1  isr.o(.data)
    FullBitCnt                               0x20000055   Data           1  isr.o(.data)
    BleComplete                              0x20000056   Data           1  isr.o(.data)
    FskCnt                                   0x20000058   Data           4  isr.o(.data)
    FskStartCnt                              0x2000005c   Data           4  isr.o(.data)
    FskEndCnt                                0x20000060   Data           4  isr.o(.data)
    AskStart                                 0x20000064   Data           1  main.o(.data)
    qi_power_class                           0x20000065   Data           1  main.o(.data)
    qi_maximum_power                         0x20000066   Data           1  main.o(.data)
    qi_prop                                  0x20000067   Data           1  main.o(.data)
    qi_oob_flag                              0x20000068   Data           1  main.o(.data)
    qi_count                                 0x20000069   Data           1  main.o(.data)
    qi_window_size                           0x2000006a   Data           1  main.o(.data)
    qi_window_offset                         0x2000006b   Data           1  main.o(.data)
    qi_neg                                   0x2000006c   Data           1  main.o(.data)
    qi_FSKPolarity                           0x2000006d   Data           1  main.o(.data)
    qi_FSKDepth                              0x2000006e   Data           1  main.o(.data)
    qi_major_version                         0x2000006f   Data           1  main.o(.data)
    qi_minor_version                         0x20000070   Data           1  main.o(.data)
    qi_ext                                   0x20000071   Data           1  main.o(.data)
    qi_control_error_value                   0x20000072   Data           1  main.o(.data)
    ch                                       0x20000073   Data           1  main.o(.data)
    CmdReadMacAddr                           0x20000074   Data           2  main.o(.data)
    qi_manufacturer_code                     0x20000076   Data           2  main.o(.data)
    Cmd0731                                  0x20000078   Data           3  main.o(.data)
    length                                   0x2000007c   Data           4  main.o(.data)
    CEPbuffer                                0x20000080   Data           4  main.o(.data)
    qi_basic_device_identifier               0x20000084   Data           4  main.o(.data)
    i                                        0x20000088   Data           4  main.o(.data)
    MacAddr                                  0x2000008c   Data           6  main.o(.data)
    timerCount                               0x20000094   Data           4  main.o(.data)
    qi_signal_strength                       0x20000098   Data           1  main.o(.data)
    qi_end_transfer_code                     0x20000099   Data           1  main.o(.data)
    qi_holdoff_time_ms                       0x2000009a   Data           1  main.o(.data)
    qi_extended_device_identifier            0x200000a0   Data           8  main.o(.data)
    qi_received_power                        0x200000a8   Data           2  main.o(.data)
    qi_received_power_mode                   0x200000aa   Data           1  main.o(.data)
    qi_charge_status                         0x200000ab   Data           1  main.o(.data)
    qi_quality_factor_mode                   0x200000ac   Data           1  main.o(.data)
    qi_ref_quality_factor                    0x200000ad   Data           1  main.o(.data)
    __stdout                                 0x200000b0   Data           4  retarget_1.o(.data)
    uart_buffer                              0x200000b4   Data         128  ble.o(.bss)
    BleBuffer                                0x20000134   Data         100  main.o(.bss)
    tmpBuf                                   0x20000198   Data         100  main.o(.bss)
    __initial_sp                             0x20000600   Data           0  startup_nuc029xee.o(STACK)



==============================================================================

Memory Map of the image

  Image Entry point : 0x000000f5

  Load Region LR_1 (Base: 0x00000000, Size: 0x000019d8, Max: 0xffffffff, ABSOLUTE)

    Execution Region ER_RO (Exec base: 0x00000000, Load base: 0x00000000, Size: 0x00001924, Max: 0xffffffff, ABSOLUTE)

    Exec Addr    Load Addr    Size         Type   Attr      Idx    E Section Name        Object

    0x00000000   0x00000000   0x000000c0   Data   RO          159    RESET               startup_nuc029xee.o
    0x000000c0   0x000000c0   0x00000000   Code   RO         1113  * .ARM.Collect$$$$00000000  mc_p.l(entry.o)
    0x000000c0   0x000000c0   0x00000004   Code   RO         1385    .ARM.Collect$$$$00000001  mc_p.l(entry2.o)
    0x000000c4   0x000000c4   0x00000004   Code   RO         1388    .ARM.Collect$$$$00000004  mc_p.l(entry5.o)
    0x000000c8   0x000000c8   0x00000000   Code   RO         1390    .ARM.Collect$$$$00000008  mc_p.l(entry7b.o)
    0x000000c8   0x000000c8   0x00000000   Code   RO         1392    .ARM.Collect$$$$0000000A  mc_p.l(entry8b.o)
    0x000000c8   0x000000c8   0x00000008   Code   RO         1393    .ARM.Collect$$$$0000000B  mc_p.l(entry9a.o)
    0x000000d0   0x000000d0   0x00000004   Code   RO         1400    .ARM.Collect$$$$0000000E  mc_p.l(entry12b.o)
    0x000000d4   0x000000d4   0x00000000   Code   RO         1395    .ARM.Collect$$$$0000000F  mc_p.l(entry10a.o)
    0x000000d4   0x000000d4   0x00000000   Code   RO         1397    .ARM.Collect$$$$00000011  mc_p.l(entry11a.o)
    0x000000d4   0x000000d4   0x00000004   Code   RO         1386    .ARM.Collect$$$$00002712  mc_p.l(entry2.o)
    0x000000d8   0x000000d8   0x0000001c   Code   RO          553    .emb_text           retarget_1.o
    0x000000f4   0x000000f4   0x0000004c   Code   RO          160  * .text               startup_nuc029xee.o
    0x00000140   0x00000140   0x0000002c   Code   RO         1114    .text               mc_p.l(uidiv.o)
    0x0000016c   0x0000016c   0x00000028   Code   RO         1116    .text               mc_p.l(idiv.o)
    0x00000194   0x00000194   0x00000024   Code   RO         1118    .text               mc_p.l(memcpya.o)
    0x000001b8   0x000001b8   0x00000060   Code   RO         1401    .text               mc_p.l(uldiv.o)
    0x00000218   0x00000218   0x00000024   Code   RO         1414    .text               mc_p.l(init.o)
    0x0000023c   0x0000023c   0x00000020   Code   RO         1416    .text               mc_p.l(llshl.o)
    0x0000025c   0x0000025c   0x00000022   Code   RO         1418    .text               mc_p.l(llushr.o)
    0x0000027e   0x0000027e   0x00000002   PAD
    0x00000280   0x00000280   0x00000070   Code   RO          166    i.AskByteOut        ask.o
    0x000002f0   0x000002f0   0x000000b0   Code   RO          167    i.AskOut            ask.o
    0x000003a0   0x000003a0   0x00000038   Code   RO          236    i.BLEenable         ble.o
    0x000003d8   0x000003d8   0x00000030   Code   RO          722    i.CLK_EnableModuleClock  clk_1.o
    0x00000408   0x00000408   0x00000198   Code   RO          723    i.CLK_EnablePLL     clk_1.o
    0x000005a0   0x000005a0   0x00000010   Code   RO          725    i.CLK_EnableXtalRC  clk_1.o
    0x000005b0   0x000005b0   0x00000058   Code   RO          863    i.CLK_GetPLLClockFreq  uart_1.o
    0x00000608   0x00000608   0x000000d0   Code   RO          733    i.CLK_SetCoreClock  clk_1.o
    0x000006d8   0x000006d8   0x00000048   Code   RO          734    i.CLK_SetHCLK       clk_1.o
    0x00000720   0x00000720   0x000000bc   Code   RO          735    i.CLK_SetModuleClock  clk_1.o
    0x000007dc   0x000007dc   0x0000002c   Code   RO          737    i.CLK_WaitClockReady  clk_1.o
    0x00000808   0x00000808   0x0000021c   Code   RO          168    i.DataPacketStart   ask.o
    0x00000a24   0x00000a24   0x00000074   Code   RO          284    i.FskBitUpdate      fsk.o
    0x00000a98   0x00000a98   0x00000088   Code   RO          321    i.GPAB_IRQHandler   isr.o
    0x00000b20   0x00000b20   0x0000002c   Code   RO         1034    i.GPIO_EnableInt    gpio.o
    0x00000b4c   0x00000b4c   0x00000028   Code   RO         1035    i.GPIO_SetMode      gpio.o
    0x00000b74   0x00000b74   0x00000028   Code   RO          555    i.Hard_Fault_Handler  retarget_1.o
    0x00000b9c   0x00000b9c   0x00000014   Code   RO          169    i.MyDelay           ask.o
    0x00000bb0   0x00000bb0   0x00000018   Code   RO          170    i.PB14Toggle        ask.o
    0x00000bc8   0x00000bc8   0x00000088   Code   RO          451    i.SYS_Init1         main.o
    0x00000c50   0x00000c50   0x00000070   Code   RO          452    i.SYS_Init2         main.o
    0x00000cc0   0x00000cc0   0x0000001a   Code   RO          651    i.SYS_ResetModule   sys_1.o
    0x00000cda   0x00000cda   0x00000002   PAD
    0x00000cdc   0x00000cdc   0x00000020   Code   RO          558    i.SendChar_ToUART   retarget_1.o
    0x00000cfc   0x00000cfc   0x0000018c   Code   RO          454    i.StateMachine2     main.o
    0x00000e88   0x00000e88   0x00000090   Code   RO            3    i.SystemCoreClockUpdate  system_nuc029xee.o
    0x00000f18   0x00000f18   0x00000002   Code   RO            4    i.SystemInit        system_nuc029xee.o
    0x00000f1a   0x00000f1a   0x00000002   PAD
    0x00000f1c   0x00000f1c   0x00000094   Code   RO          971    i.TIMER_Delay       timer_1.o
    0x00000fb0   0x00000fb0   0x00000068   Code   RO          976    i.TIMER_GetModuleClock  timer_1.o
    0x00001018   0x00001018   0x00000040   Code   RO          977    i.TIMER_Open        timer_1.o
    0x00001058   0x00001058   0x00000028   Code   RO          322    i.TMR0_IRQHandler   isr.o
    0x00001080   0x00001080   0x00000064   Code   RO          323    i.UART02_IRQHandler  isr.o
    0x000010e4   0x000010e4   0x0000001c   Code   RO          456    i.UART0_Init        main.o
    0x00001100   0x00001100   0x0000001c   Code   RO          458    i.UART2_Init        main.o
    0x0000111c   0x0000111c   0x00000088   Code   RO          870    i.UART_Open         uart_1.o
    0x000011a4   0x000011a4   0x00000020   Code   RO         1331    i.__0printf$8       mc_p.l(printf8.o)
    0x000011c4   0x000011c4   0x0000001a   Code   RO          207    i.__ARM_common_switch8  ask.o
    0x000011de   0x000011de   0x0000000e   Code   RO         1428    i.__scatterload_copy  mc_p.l(handlers.o)
    0x000011ec   0x000011ec   0x00000002   Code   RO         1429    i.__scatterload_null  mc_p.l(handlers.o)
    0x000011ee   0x000011ee   0x0000000e   Code   RO         1430    i.__scatterload_zeroinit  mc_p.l(handlers.o)
    0x000011fc   0x000011fc   0x00000428   Code   RO         1338    i._printf_core      mc_p.l(printf8.o)
    0x00001624   0x00001624   0x00000020   Code   RO         1339    i._printf_post_padding  mc_p.l(printf8.o)
    0x00001644   0x00001644   0x0000002c   Code   RO         1340    i._printf_pre_padding  mc_p.l(printf8.o)
    0x00001670   0x00001670   0x0000000c   Code   RO          562    i.fputc             retarget_1.o
    0x0000167c   0x0000167c   0x00000104   Code   RO          459    i.main              main.o
    0x00001780   0x00001780   0x00000054   Code   RO          237    i.sendDataToBle     ble.o
    0x000017d4   0x000017d4   0x000000a8   Code   RO          564    i.stackDump         retarget_1.o
    0x0000187c   0x0000187c   0x00000038   Data   RO          738    .constdata          clk_1.o
    0x000018b4   0x000018b4   0x00000030   Data   RO          878    .constdata          uart_1.o
    0x000018e4   0x000018e4   0x00000020   Data   RO          978    .constdata          timer_1.o
    0x00001904   0x00001904   0x00000020   Data   RO         1426    Region$$Table       anon$$obj.o


    Execution Region ER_RW (Exec base: 0x20000000, Load base: 0x00001924, Size: 0x000000b4, Max: 0xffffffff, ABSOLUTE)

    Exec Addr    Load Addr    Size         Type   Attr      Idx    E Section Name        Object

    0x20000000   0x00001924   0x0000002c   Data   RW            5    .data               system_nuc029xee.o
    0x2000002c   0x00001950   0x00000018   Data   RW          171    .data               ask.o
    0x20000044   0x00001968   0x00000004   Data   RW          240    .data               ble.o
    0x20000048   0x0000196c   0x0000000c   Data   RW          286    .data               fsk.o
    0x20000054   0x00001978   0x00000010   Data   RW          325    .data               isr.o
    0x20000064   0x00001988   0x0000002e   Data   RW          461    .data               main.o
    0x20000092   0x000019b6   0x00000002   PAD
    0x20000094   0x000019b8   0x00000004   Data   RW          462    .data               main.o
    0x20000098   0x000019bc   0x00000001   Data   RW          463    .data               main.o
    0x20000099   0x000019bd   0x00000001   Data   RW          464    .data               main.o
    0x2000009a   0x000019be   0x00000001   Data   RW          465    .data               main.o
    0x2000009b   0x000019bf   0x00000005   PAD
    0x200000a0   0x000019c4   0x00000008   Data   RW          466    .data               main.o
    0x200000a8   0x000019cc   0x00000002   Data   RW          467    .data               main.o
    0x200000aa   0x000019ce   0x00000001   Data   RW          468    .data               main.o
    0x200000ab   0x000019cf   0x00000001   Data   RW          469    .data               main.o
    0x200000ac   0x000019d0   0x00000001   Data   RW          471    .data               main.o
    0x200000ad   0x000019d1   0x00000001   Data   RW          472    .data               main.o
    0x200000ae   0x000019d2   0x00000002   PAD
    0x200000b0   0x000019d4   0x00000004   Data   RW          565    .data               retarget_1.o


    Execution Region ER_ZI (Exec base: 0x200000b4, Load base: 0x000019d8, Size: 0x0000054c, Max: 0xffffffff, ABSOLUTE)

    Exec Addr    Load Addr    Size         Type   Attr      Idx    E Section Name        Object

    0x200000b4        -       0x00000080   Zero   RW          239    .bss                ble.o
    0x20000134        -       0x000000c8   Zero   RW          460    .bss                main.o
    0x200001fc   0x000019d8   0x00000004   PAD
    0x20000200        -       0x00000400   Zero   RW          157    STACK               startup_nuc029xee.o


==============================================================================

Image component sizes


      Code (inc. data)   RO Data    RW Data    ZI Data      Debug   Object Name

       898        172          0         24          0      17778   ask.o
       140         22          0          4        128       2026   ble.o
       984        134         56          0          0       6282   clk_1.o
       116         10          0         12          0       1522   fsk.o
        84          6          0          0          0       1632   gpio.o
       276         70          0         16          0      14321   isr.o
       960        144          0         67        200      34689   main.o
       280        132          0          4          0       4722   retarget_1.o
        76         32        192          0       1024        728   startup_nuc029xee.o
        26          0          0          0          0        514   sys_1.o
       146         26          0         44          0      37111   system_nuc029xee.o
       316         36         32          0          0       2890   timer_1.o
       224         34         48          0          0       2076   uart_1.o

    ----------------------------------------------------------------------
      4530        818        360        180       1356     126291   Object Totals
         0          0         32          0          0          0   (incl. Generated)
         4          0          0          9          4          0   (incl. Padding)

    ----------------------------------------------------------------------

      Code (inc. data)   RO Data    RW Data    ZI Data      Debug   Library Member Name

         0          0          0          0          0          0   entry.o
         0          0          0          0          0          0   entry10a.o
         0          0          0          0          0          0   entry11a.o
         4          0          0          0          0          0   entry12b.o
         8          4          0          0          0          0   entry2.o
         4          0          0          0          0          0   entry5.o
         0          0          0          0          0          0   entry7b.o
         0          0          0          0          0          0   entry8b.o
         8          4          0          0          0          0   entry9a.o
        30          0          0          0          0          0   handlers.o
        40          0          0          0          0         72   idiv.o
        36          8          0          0          0         68   init.o
        32          0          0          0          0         68   llshl.o
        34          0          0          0          0         68   llushr.o
        36          0          0          0          0         60   memcpya.o
      1172         52          0          0          0        324   printf8.o
        44          0          0          0          0         72   uidiv.o
        96          0          0          0          0         84   uldiv.o

    ----------------------------------------------------------------------
      1546         68          0          0          0        816   Library Totals
         2          0          0          0          0          0   (incl. Padding)

    ----------------------------------------------------------------------

      Code (inc. data)   RO Data    RW Data    ZI Data      Debug   Library Name

      1544         68          0          0          0        816   mc_p.l

    ----------------------------------------------------------------------
      1546         68          0          0          0        816   Library Totals

    ----------------------------------------------------------------------

==============================================================================


      Code (inc. data)   RO Data    RW Data    ZI Data      Debug   

      6076        886        360        180       1356     125271   Grand Totals
      6076        886        360        180       1356     125271   ELF Image Totals
      6076        886        360        180          0          0   ROM Totals

==============================================================================

    Total RO  Size (Code + RO Data)                 6436 (   6.29kB)
    Total RW  Size (RW Data + ZI Data)              1536 (   1.50kB)
    Total ROM Size (Code + RO Data + RW Data)       6616 (   6.46kB)

==============================================================================

