<html>
<body>
<pre>
<h1>µVision Build Log</h1>
<h2>Tool Versions:</h2>
IDE-Version: •ÏVision V5.36.0.0
Copyright (C) 2021 ARM Ltd and ARM Germany GmbH. All rights reserved.
License Information: lim suhwan, a, LIC=----
 
Tool Versions:
Toolchain:       MDK-Lite  Version: 5.36.0.0
Toolchain Path:  C:\Keil_v5\ARM\ARMCC\Bin
C Compiler:      Armcc.exe V5.06 update 7 (build 960)
Assembler:       Armasm.exe V5.06 update 7 (build 960)
Linker/Locator:  ArmLink.exe V5.06 update 7 (build 960)
Library Manager: ArmAr.exe V5.06 update 7 (build 960)
Hex Converter:   FromElf.exe V5.06 update 7 (build 960)
CPU DLL:         SARMCM3.DLL V5.36.0.0
Dialog DLL:      DARMCM1.DLL V1.19.4.0
Target DLL:      NULink\Nu_Link.dll V3.06
Dialog DLL:      TARMCM1.DLL V1.14.4.0
 
<h2>Project:</h2>
C:\Users\KETI\Desktop\FCU RX\SampleCode\StdDriver\TIMER_PowerDown\KEIL\TIMER_PowerDown.uvproj
Project File Date:  01/07/2022

<h2>Output:</h2>
*** Using Compiler 'V5.06 update 7 (build 960)', folder: 'C:\Keil_v5\ARM\ARMCC\Bin'
Build target 'TIMER_PowerDown'
Note: source file '..\..\..\..\Library\StdDriver\src\retarget.c' - object file renamed from '.\obj\retarget.o' to '.\obj\retarget_1.o'.
Note: source file '..\..\..\..\Library\StdDriver\src\sys.c' - object file renamed from '.\obj\sys.o' to '.\obj\sys_1.o'.
Note: source file '..\..\..\..\Library\StdDriver\src\clk.c' - object file renamed from '.\obj\clk.o' to '.\obj\clk_1.o'.
Note: source file '..\..\..\..\Library\StdDriver\src\uart.c' - object file renamed from '.\obj\uart.o' to '.\obj\uart_1.o'.
Note: source file '..\..\..\..\Library\StdDriver\src\timer.c' - object file renamed from '.\obj\timer.o' to '.\obj\timer_1.o'.
creating preprocessor file for ASK.c...
creating preprocessor file for sys.c...
creating preprocessor file for uart.c...
creating preprocessor file for clk.c...
creating preprocessor file for main.c...
creating preprocessor file for ISR.c...
creating preprocessor file for adc.c...
creating preprocessor file for gpio.c...
creating preprocessor file for retarget.c...
creating preprocessor file for timer.c...
creating preprocessor file for FSK.c...
creating preprocessor file for system_NUC029xEE.c...
creating preprocessor file for BLE.c...
compiling main.c...
..\ASK.h(14): warning:  #1295-D: Deprecated declaration PB14Toggle - give arg types
  void PB14Toggle();
..\ASK.h(15): warning:  #1295-D: Deprecated declaration AskOut - give arg types
  void AskOut();
..\ASK.h(19): warning:  #1-D: last line of file ends without a newline
  #endif
..\FSK.h(7): warning:  #1295-D: Deprecated declaration WaitFSK - give arg types
  void WaitFSK();
..\FSK.h(9): warning:  #1-D: last line of file ends without a newline
  #endif
..\ISR.h(14): warning:  #1-D: last line of file ends without a newline
  #endif
..\BLE.h(11): warning:  #1-D: last line of file ends without a newline
  #endif
..\main.c(47): warning:  #1295-D: Deprecated declaration BLEbufferInit - give arg types
  void BLEbufferInit();
..\main.c(95): warning:  #177-D: variable "a"  was declared but never referenced
  	int a, b;
..\main.c(95): warning:  #177-D: variable "b"  was declared but never referenced
  	int a, b;
..\main.c(337): warning:  #177-D: variable "b"  was declared but never referenced
      int i, b;
..\main.c(463): warning:  #550-D: variable "ADCVal_ISENSE"  was set but never used
      int32_t ADCVal_ISENSE = 0;
..\main.c(644): warning:  #1-D: last line of file ends without a newline
  }
..\main.c: 13 warnings, 0 errors
linking...
Program Size: Code=6076 RO-data=360 RW-data=180 ZI-data=1356  
After Build - User command #1: fromelf --bin ".\obj\TIMER_PowerDown.axf" --output ".\obj\TIMER_PowerDown.bin"
After Build - User command #2: fromelf --text -c ".\obj\TIMER_PowerDown.axf" --output ".\obj\TIMER_PowerDown.txt"
".\obj\TIMER_PowerDown.axf" - 0 Error(s), 13 Warning(s).
Build Time Elapsed:  00:00:01
</pre>
</body>
</html>
