<!doctype html public "-//w3c//dtd html 4.0 transitional//en">
<html><head>
<title>Static Call Graph - [.\obj\TIMER_PowerDown.axf]</title></head>
<body><HR>
<H1>Static Call Graph for image .\obj\TIMER_PowerDown.axf</H1><HR>
<BR><P>#&#060CALLGRAPH&#062# ARM Linker, 5060960: Last Updated: Tue Jan 18 11:21:43 2022
<BR><P>
<H3>Maximum Stack Usage =         84 bytes + Unknown(Cycles, Untraceable Function Pointers)</H3><H3>
Call chain for Maximum Stack Depth:</H3>
main &rArr; SYS_Init1 &rArr; CLK_SetCoreClock &rArr; CLK_EnablePLL &rArr; __aeabi_uidivmod
<P>
<H3>
Mutually Recursive functions
</H3> <LI><a href="#[1]">NMI_Handler</a>&nbsp;&nbsp;&nbsp;&rArr;&nbsp;&nbsp;&nbsp;<a href="#[1]">NMI_Handler</a><BR>
 <LI><a href="#[3]">SVC_Handler</a>&nbsp;&nbsp;&nbsp;&rArr;&nbsp;&nbsp;&nbsp;<a href="#[3]">SVC_Handler</a><BR>
 <LI><a href="#[4]">PendSV_Handler</a>&nbsp;&nbsp;&nbsp;&rArr;&nbsp;&nbsp;&nbsp;<a href="#[4]">PendSV_Handler</a><BR>
 <LI><a href="#[5]">SysTick_Handler</a>&nbsp;&nbsp;&nbsp;&rArr;&nbsp;&nbsp;&nbsp;<a href="#[5]">SysTick_Handler</a><BR>
 <LI><a href="#[16]">Default_Handler</a>&nbsp;&nbsp;&nbsp;&rArr;&nbsp;&nbsp;&nbsp;<a href="#[16]">Default_Handler</a><BR>
</UL>
<P>
<H3>
Function Pointers
</H3><UL>
 <LI><a href="#[1c]">ADC_IRQHandler</a> from startup_nuc029xee.o(.text) referenced from startup_nuc029xee.o(RESET)
 <LI><a href="#[6]">BOD_IRQHandler</a> from startup_nuc029xee.o(.text) referenced from startup_nuc029xee.o(RESET)
 <LI><a href="#[16]">Default_Handler</a> from startup_nuc029xee.o(.text) referenced 9 times from startup_nuc029xee.o(RESET)
 <LI><a href="#[8]">EINT0_IRQHandler</a> from startup_nuc029xee.o(.text) referenced from startup_nuc029xee.o(RESET)
 <LI><a href="#[9]">EINT1_IRQHandler</a> from startup_nuc029xee.o(.text) referenced from startup_nuc029xee.o(RESET)
 <LI><a href="#[a]">GPAB_IRQHandler</a> from isr.o(i.GPAB_IRQHandler) referenced from startup_nuc029xee.o(RESET)
 <LI><a href="#[b]">GPCDEF_IRQHandler</a> from startup_nuc029xee.o(.text) referenced from startup_nuc029xee.o(RESET)
 <LI><a href="#[2]">HardFault_Handler</a> from retarget_1.o(.emb_text) referenced from startup_nuc029xee.o(RESET)
 <LI><a href="#[1f]">Hard_Fault_Handler</a> from retarget_1.o(i.Hard_Fault_Handler) referenced from retarget_1.o(.emb_text)
 <LI><a href="#[17]">I2C0_IRQHandler</a> from startup_nuc029xee.o(.text) referenced from startup_nuc029xee.o(RESET)
 <LI><a href="#[18]">I2C1_IRQHandler</a> from startup_nuc029xee.o(.text) referenced from startup_nuc029xee.o(RESET)
 <LI><a href="#[1]">NMI_Handler</a> from startup_nuc029xee.o(.text) referenced from startup_nuc029xee.o(RESET)
 <LI><a href="#[1a]">PDMA_IRQHandler</a> from startup_nuc029xee.o(.text) referenced from startup_nuc029xee.o(RESET)
 <LI><a href="#[c]">PWMA_IRQHandler</a> from startup_nuc029xee.o(.text) referenced from startup_nuc029xee.o(RESET)
 <LI><a href="#[d]">PWMB_IRQHandler</a> from startup_nuc029xee.o(.text) referenced from startup_nuc029xee.o(RESET)
 <LI><a href="#[1b]">PWRWU_IRQHandler</a> from startup_nuc029xee.o(.text) referenced from startup_nuc029xee.o(RESET)
 <LI><a href="#[4]">PendSV_Handler</a> from startup_nuc029xee.o(.text) referenced from startup_nuc029xee.o(RESET)
 <LI><a href="#[1d]">RTC_IRQHandler</a> from startup_nuc029xee.o(.text) referenced from startup_nuc029xee.o(RESET)
 <LI><a href="#[23]">Reset_Handler</a> from startup_nuc029xee.o(.text) referenced from startup_nuc029xee.o(RESET)
 <LI><a href="#[14]">SPI0_IRQHandler</a> from startup_nuc029xee.o(.text) referenced from startup_nuc029xee.o(RESET)
 <LI><a href="#[15]">SPI1_IRQHandler</a> from startup_nuc029xee.o(.text) referenced from startup_nuc029xee.o(RESET)
 <LI><a href="#[3]">SVC_Handler</a> from startup_nuc029xee.o(.text) referenced from startup_nuc029xee.o(RESET)
 <LI><a href="#[5]">SysTick_Handler</a> from startup_nuc029xee.o(.text) referenced from startup_nuc029xee.o(RESET)
 <LI><a href="#[20]">SystemInit</a> from system_nuc029xee.o(i.SystemInit) referenced from startup_nuc029xee.o(.text)
 <LI><a href="#[e]">TMR0_IRQHandler</a> from isr.o(i.TMR0_IRQHandler) referenced from startup_nuc029xee.o(RESET)
 <LI><a href="#[f]">TMR1_IRQHandler</a> from startup_nuc029xee.o(.text) referenced from startup_nuc029xee.o(RESET)
 <LI><a href="#[10]">TMR2_IRQHandler</a> from startup_nuc029xee.o(.text) referenced from startup_nuc029xee.o(RESET)
 <LI><a href="#[11]">TMR3_IRQHandler</a> from startup_nuc029xee.o(.text) referenced from startup_nuc029xee.o(RESET)
 <LI><a href="#[12]">UART02_IRQHandler</a> from isr.o(i.UART02_IRQHandler) referenced from startup_nuc029xee.o(RESET)
 <LI><a href="#[13]">UART1_IRQHandler</a> from startup_nuc029xee.o(.text) referenced from startup_nuc029xee.o(RESET)
 <LI><a href="#[19]">USBD_IRQHandler</a> from startup_nuc029xee.o(.text) referenced from startup_nuc029xee.o(RESET)
 <LI><a href="#[7]">WDT_IRQHandler</a> from startup_nuc029xee.o(.text) referenced from startup_nuc029xee.o(RESET)
 <LI><a href="#[21]">__main</a> from entry.o(.ARM.Collect$$$$00000000) referenced from startup_nuc029xee.o(.text)
 <LI><a href="#[22]">fputc</a> from retarget_1.o(i.fputc) referenced from printf8.o(i.__0printf$8)
 <LI><a href="#[1e]">main</a> from main.o(i.main) referenced from entry9a.o(.ARM.Collect$$$$0000000B)
</UL>
<P>
<H3>
Global Symbols
</H3>
<P><STRONG><a name="[21]"></a>__main</STRONG> (Thumb, 0 bytes, Stack size unknown bytes, entry.o(.ARM.Collect$$$$00000000))
<BR>[Address Reference Count : 1]<UL><LI> startup_nuc029xee.o(.text)
</UL>
<P><STRONG><a name="[56]"></a>_main_stk</STRONG> (Thumb, 0 bytes, Stack size unknown bytes, entry2.o(.ARM.Collect$$$$00000001))

<P><STRONG><a name="[24]"></a>_main_scatterload</STRONG> (Thumb, 0 bytes, Stack size unknown bytes, entry5.o(.ARM.Collect$$$$00000004))
<BR><BR>[Calls]<UL><LI><a href="#[25]">&gt;&gt;</a>&nbsp;&nbsp;&nbsp;__scatterload
</UL>

<P><STRONG><a name="[2b]"></a>__main_after_scatterload</STRONG> (Thumb, 0 bytes, Stack size unknown bytes, entry5.o(.ARM.Collect$$$$00000004))
<BR><BR>[Called By]<UL><LI><a href="#[25]">&gt;&gt;</a>&nbsp;&nbsp;&nbsp;__scatterload
</UL>

<P><STRONG><a name="[57]"></a>_main_clock</STRONG> (Thumb, 0 bytes, Stack size unknown bytes, entry7b.o(.ARM.Collect$$$$00000008))

<P><STRONG><a name="[58]"></a>_main_cpp_init</STRONG> (Thumb, 0 bytes, Stack size unknown bytes, entry8b.o(.ARM.Collect$$$$0000000A))

<P><STRONG><a name="[59]"></a>_main_init</STRONG> (Thumb, 0 bytes, Stack size unknown bytes, entry9a.o(.ARM.Collect$$$$0000000B))

<P><STRONG><a name="[26]"></a>__rt_lib_shutdown_fini</STRONG> (Thumb, 0 bytes, Stack size unknown bytes, entry12b.o(.ARM.Collect$$$$0000000E))
<BR><BR>[Calls]<UL><LI><a href="#[27]">&gt;&gt;</a>&nbsp;&nbsp;&nbsp;__arm_fini_ (Weak Reference)
</UL>

<P><STRONG><a name="[5a]"></a>__rt_final_cpp</STRONG> (Thumb, 0 bytes, Stack size unknown bytes, entry10a.o(.ARM.Collect$$$$0000000F))

<P><STRONG><a name="[5b]"></a>__rt_final_exit</STRONG> (Thumb, 0 bytes, Stack size unknown bytes, entry11a.o(.ARM.Collect$$$$00000011))

<P><STRONG><a name="[2]"></a>HardFault_Handler</STRONG> (Thumb, 24 bytes, Stack size 0 bytes, retarget_1.o(.emb_text))
<BR>[Address Reference Count : 1]<UL><LI> startup_nuc029xee.o(RESET)
</UL>
<P><STRONG><a name="[23]"></a>Reset_Handler</STRONG> (Thumb, 32 bytes, Stack size 0 bytes, startup_nuc029xee.o(.text))

<P><STRONG><a name="[1]"></a>NMI_Handler</STRONG> (Thumb, 2 bytes, Stack size 0 bytes, startup_nuc029xee.o(.text))
<BR><BR>[Calls]<UL><LI><a href="#[1]">&gt;&gt;</a>&nbsp;&nbsp;&nbsp;NMI_Handler
</UL>
<BR>[Called By]<UL><LI><a href="#[1]">&gt;&gt;</a>&nbsp;&nbsp;&nbsp;NMI_Handler
</UL>
<BR>[Address Reference Count : 1]<UL><LI> startup_nuc029xee.o(RESET)
</UL>
<P><STRONG><a name="[3]"></a>SVC_Handler</STRONG> (Thumb, 2 bytes, Stack size 0 bytes, startup_nuc029xee.o(.text))
<BR><BR>[Calls]<UL><LI><a href="#[3]">&gt;&gt;</a>&nbsp;&nbsp;&nbsp;SVC_Handler
</UL>
<BR>[Called By]<UL><LI><a href="#[3]">&gt;&gt;</a>&nbsp;&nbsp;&nbsp;SVC_Handler
</UL>
<BR>[Address Reference Count : 1]<UL><LI> startup_nuc029xee.o(RESET)
</UL>
<P><STRONG><a name="[4]"></a>PendSV_Handler</STRONG> (Thumb, 2 bytes, Stack size 0 bytes, startup_nuc029xee.o(.text))
<BR><BR>[Calls]<UL><LI><a href="#[4]">&gt;&gt;</a>&nbsp;&nbsp;&nbsp;PendSV_Handler
</UL>
<BR>[Called By]<UL><LI><a href="#[4]">&gt;&gt;</a>&nbsp;&nbsp;&nbsp;PendSV_Handler
</UL>
<BR>[Address Reference Count : 1]<UL><LI> startup_nuc029xee.o(RESET)
</UL>
<P><STRONG><a name="[5]"></a>SysTick_Handler</STRONG> (Thumb, 2 bytes, Stack size 0 bytes, startup_nuc029xee.o(.text))
<BR><BR>[Calls]<UL><LI><a href="#[5]">&gt;&gt;</a>&nbsp;&nbsp;&nbsp;SysTick_Handler
</UL>
<BR>[Called By]<UL><LI><a href="#[5]">&gt;&gt;</a>&nbsp;&nbsp;&nbsp;SysTick_Handler
</UL>
<BR>[Address Reference Count : 1]<UL><LI> startup_nuc029xee.o(RESET)
</UL>
<P><STRONG><a name="[1c]"></a>ADC_IRQHandler</STRONG> (Thumb, 0 bytes, Stack size 0 bytes, startup_nuc029xee.o(.text))
<BR>[Address Reference Count : 1]<UL><LI> startup_nuc029xee.o(RESET)
</UL>
<P><STRONG><a name="[6]"></a>BOD_IRQHandler</STRONG> (Thumb, 0 bytes, Stack size 0 bytes, startup_nuc029xee.o(.text))
<BR>[Address Reference Count : 1]<UL><LI> startup_nuc029xee.o(RESET)
</UL>
<P><STRONG><a name="[8]"></a>EINT0_IRQHandler</STRONG> (Thumb, 0 bytes, Stack size 0 bytes, startup_nuc029xee.o(.text))
<BR>[Address Reference Count : 1]<UL><LI> startup_nuc029xee.o(RESET)
</UL>
<P><STRONG><a name="[9]"></a>EINT1_IRQHandler</STRONG> (Thumb, 0 bytes, Stack size 0 bytes, startup_nuc029xee.o(.text))
<BR>[Address Reference Count : 1]<UL><LI> startup_nuc029xee.o(RESET)
</UL>
<P><STRONG><a name="[b]"></a>GPCDEF_IRQHandler</STRONG> (Thumb, 0 bytes, Stack size 0 bytes, startup_nuc029xee.o(.text))
<BR>[Address Reference Count : 1]<UL><LI> startup_nuc029xee.o(RESET)
</UL>
<P><STRONG><a name="[17]"></a>I2C0_IRQHandler</STRONG> (Thumb, 0 bytes, Stack size 0 bytes, startup_nuc029xee.o(.text))
<BR>[Address Reference Count : 1]<UL><LI> startup_nuc029xee.o(RESET)
</UL>
<P><STRONG><a name="[18]"></a>I2C1_IRQHandler</STRONG> (Thumb, 0 bytes, Stack size 0 bytes, startup_nuc029xee.o(.text))
<BR>[Address Reference Count : 1]<UL><LI> startup_nuc029xee.o(RESET)
</UL>
<P><STRONG><a name="[1a]"></a>PDMA_IRQHandler</STRONG> (Thumb, 0 bytes, Stack size 0 bytes, startup_nuc029xee.o(.text))
<BR>[Address Reference Count : 1]<UL><LI> startup_nuc029xee.o(RESET)
</UL>
<P><STRONG><a name="[c]"></a>PWMA_IRQHandler</STRONG> (Thumb, 0 bytes, Stack size 0 bytes, startup_nuc029xee.o(.text))
<BR>[Address Reference Count : 1]<UL><LI> startup_nuc029xee.o(RESET)
</UL>
<P><STRONG><a name="[d]"></a>PWMB_IRQHandler</STRONG> (Thumb, 0 bytes, Stack size 0 bytes, startup_nuc029xee.o(.text))
<BR>[Address Reference Count : 1]<UL><LI> startup_nuc029xee.o(RESET)
</UL>
<P><STRONG><a name="[1b]"></a>PWRWU_IRQHandler</STRONG> (Thumb, 0 bytes, Stack size 0 bytes, startup_nuc029xee.o(.text))
<BR>[Address Reference Count : 1]<UL><LI> startup_nuc029xee.o(RESET)
</UL>
<P><STRONG><a name="[1d]"></a>RTC_IRQHandler</STRONG> (Thumb, 0 bytes, Stack size 0 bytes, startup_nuc029xee.o(.text))
<BR>[Address Reference Count : 1]<UL><LI> startup_nuc029xee.o(RESET)
</UL>
<P><STRONG><a name="[14]"></a>SPI0_IRQHandler</STRONG> (Thumb, 0 bytes, Stack size 0 bytes, startup_nuc029xee.o(.text))
<BR>[Address Reference Count : 1]<UL><LI> startup_nuc029xee.o(RESET)
</UL>
<P><STRONG><a name="[15]"></a>SPI1_IRQHandler</STRONG> (Thumb, 0 bytes, Stack size 0 bytes, startup_nuc029xee.o(.text))
<BR>[Address Reference Count : 1]<UL><LI> startup_nuc029xee.o(RESET)
</UL>
<P><STRONG><a name="[f]"></a>TMR1_IRQHandler</STRONG> (Thumb, 0 bytes, Stack size 0 bytes, startup_nuc029xee.o(.text))
<BR>[Address Reference Count : 1]<UL><LI> startup_nuc029xee.o(RESET)
</UL>
<P><STRONG><a name="[10]"></a>TMR2_IRQHandler</STRONG> (Thumb, 0 bytes, Stack size 0 bytes, startup_nuc029xee.o(.text))
<BR>[Address Reference Count : 1]<UL><LI> startup_nuc029xee.o(RESET)
</UL>
<P><STRONG><a name="[11]"></a>TMR3_IRQHandler</STRONG> (Thumb, 0 bytes, Stack size 0 bytes, startup_nuc029xee.o(.text))
<BR>[Address Reference Count : 1]<UL><LI> startup_nuc029xee.o(RESET)
</UL>
<P><STRONG><a name="[13]"></a>UART1_IRQHandler</STRONG> (Thumb, 0 bytes, Stack size 0 bytes, startup_nuc029xee.o(.text))
<BR>[Address Reference Count : 1]<UL><LI> startup_nuc029xee.o(RESET)
</UL>
<P><STRONG><a name="[19]"></a>USBD_IRQHandler</STRONG> (Thumb, 0 bytes, Stack size 0 bytes, startup_nuc029xee.o(.text))
<BR>[Address Reference Count : 1]<UL><LI> startup_nuc029xee.o(RESET)
</UL>
<P><STRONG><a name="[7]"></a>WDT_IRQHandler</STRONG> (Thumb, 0 bytes, Stack size 0 bytes, startup_nuc029xee.o(.text))
<BR>[Address Reference Count : 1]<UL><LI> startup_nuc029xee.o(RESET)
</UL>
<P><STRONG><a name="[5c]"></a>__aeabi_uidiv</STRONG> (Thumb, 0 bytes, Stack size 12 bytes, uidiv.o(.text), UNUSED)

<P><STRONG><a name="[33]"></a>__aeabi_uidivmod</STRONG> (Thumb, 44 bytes, Stack size 12 bytes, uidiv.o(.text))
<BR><BR>[Stack]<UL><LI>Max Depth = 12<LI>Call Chain = __aeabi_uidivmod
</UL>
<BR>[Called By]<UL><LI><a href="#[4c]">&gt;&gt;</a>&nbsp;&nbsp;&nbsp;UART_Open
<LI><a href="#[49]">&gt;&gt;</a>&nbsp;&nbsp;&nbsp;TIMER_Open
<LI><a href="#[46]">&gt;&gt;</a>&nbsp;&nbsp;&nbsp;TIMER_Delay
<LI><a href="#[35]">&gt;&gt;</a>&nbsp;&nbsp;&nbsp;CLK_SetCoreClock
<LI><a href="#[37]">&gt;&gt;</a>&nbsp;&nbsp;&nbsp;SystemCoreClockUpdate
<LI><a href="#[34]">&gt;&gt;</a>&nbsp;&nbsp;&nbsp;CLK_GetPLLClockFreq
<LI><a href="#[31]">&gt;&gt;</a>&nbsp;&nbsp;&nbsp;CLK_EnablePLL
</UL>

<P><STRONG><a name="[55]"></a>__aeabi_memcpy</STRONG> (Thumb, 36 bytes, Stack size 0 bytes, memcpya.o(.text))
<BR><BR>[Called By]<UL><LI><a href="#[45]">&gt;&gt;</a>&nbsp;&nbsp;&nbsp;sendDataToBle
</UL>

<P><STRONG><a name="[48]"></a>__aeabi_memcpy4</STRONG> (Thumb, 0 bytes, Stack size 0 bytes, memcpya.o(.text))
<BR><BR>[Called By]<UL><LI><a href="#[47]">&gt;&gt;</a>&nbsp;&nbsp;&nbsp;TIMER_GetModuleClock
</UL>

<P><STRONG><a name="[5d]"></a>__aeabi_memcpy8</STRONG> (Thumb, 0 bytes, Stack size 0 bytes, memcpya.o(.text), UNUSED)

<P><STRONG><a name="[28]"></a>__aeabi_uldivmod</STRONG> (Thumb, 96 bytes, Stack size 48 bytes, uldiv.o(.text), UNUSED)
<BR><BR>[Calls]<UL><LI><a href="#[29]">&gt;&gt;</a>&nbsp;&nbsp;&nbsp;__aeabi_llsr
<LI><a href="#[2a]">&gt;&gt;</a>&nbsp;&nbsp;&nbsp;__aeabi_llsl
</UL>
<BR>[Called By]<UL><LI><a href="#[4f]">&gt;&gt;</a>&nbsp;&nbsp;&nbsp;_printf_core
</UL>

<P><STRONG><a name="[25]"></a>__scatterload</STRONG> (Thumb, 28 bytes, Stack size 0 bytes, init.o(.text))
<BR><BR>[Calls]<UL><LI><a href="#[2b]">&gt;&gt;</a>&nbsp;&nbsp;&nbsp;__main_after_scatterload
</UL>
<BR>[Called By]<UL><LI><a href="#[24]">&gt;&gt;</a>&nbsp;&nbsp;&nbsp;_main_scatterload
</UL>

<P><STRONG><a name="[5e]"></a>__scatterload_rt2</STRONG> (Thumb, 0 bytes, Stack size 0 bytes, init.o(.text), UNUSED)

<P><STRONG><a name="[2a]"></a>__aeabi_llsl</STRONG> (Thumb, 32 bytes, Stack size 8 bytes, llshl.o(.text), UNUSED)
<BR><BR>[Called By]<UL><LI><a href="#[28]">&gt;&gt;</a>&nbsp;&nbsp;&nbsp;__aeabi_uldivmod
</UL>

<P><STRONG><a name="[5f]"></a>_ll_shift_l</STRONG> (Thumb, 0 bytes, Stack size 8 bytes, llshl.o(.text), UNUSED)

<P><STRONG><a name="[29]"></a>__aeabi_llsr</STRONG> (Thumb, 34 bytes, Stack size 8 bytes, llushr.o(.text), UNUSED)
<BR><BR>[Called By]<UL><LI><a href="#[28]">&gt;&gt;</a>&nbsp;&nbsp;&nbsp;__aeabi_uldivmod
</UL>

<P><STRONG><a name="[60]"></a>_ll_ushift_r</STRONG> (Thumb, 0 bytes, Stack size 8 bytes, llushr.o(.text), UNUSED)

<P><STRONG><a name="[3e]"></a>ADC_Open</STRONG> (Thumb, 38 bytes, Stack size 12 bytes, adc.o(i.ADC_Open))
<BR><BR>[Stack]<UL><LI>Max Depth = 12<LI>Call Chain = ADC_Open
</UL>
<BR>[Called By]<UL><LI><a href="#[3d]">&gt;&gt;</a>&nbsp;&nbsp;&nbsp;ReadADC
</UL>

<P><STRONG><a name="[2c]"></a>AskByteOut</STRONG> (Thumb, 102 bytes, Stack size 8 bytes, ask.o(i.AskByteOut))
<BR><BR>[Stack]<UL><LI>Max Depth = 8<LI>Call Chain = AskByteOut
</UL>
<BR>[Calls]<UL><LI><a href="#[2d]">&gt;&gt;</a>&nbsp;&nbsp;&nbsp;PB14Toggle
</UL>
<BR>[Called By]<UL><LI><a href="#[2e]">&gt;&gt;</a>&nbsp;&nbsp;&nbsp;AskOut
</UL>

<P><STRONG><a name="[2e]"></a>AskOut</STRONG> (Thumb, 160 bytes, Stack size 20 bytes, ask.o(i.AskOut))
<BR><BR>[Stack]<UL><LI>Max Depth = 28<LI>Call Chain = AskOut &rArr; AskByteOut
</UL>
<BR>[Calls]<UL><LI><a href="#[2d]">&gt;&gt;</a>&nbsp;&nbsp;&nbsp;PB14Toggle
<LI><a href="#[2c]">&gt;&gt;</a>&nbsp;&nbsp;&nbsp;AskByteOut
</UL>
<BR>[Called By]<UL><LI><a href="#[e]">&gt;&gt;</a>&nbsp;&nbsp;&nbsp;TMR0_IRQHandler
</UL>

<P><STRONG><a name="[2f]"></a>BLEenable</STRONG> (Thumb, 38 bytes, Stack size 8 bytes, ble.o(i.BLEenable))
<BR><BR>[Stack]<UL><LI>Max Depth = 8<LI>Call Chain = BLEenable
</UL>
<BR>[Calls]<UL><LI><a href="#[30]">&gt;&gt;</a>&nbsp;&nbsp;&nbsp;MyDelay
</UL>
<BR>[Called By]<UL><LI><a href="#[44]">&gt;&gt;</a>&nbsp;&nbsp;&nbsp;StateMachine3
</UL>

<P><STRONG><a name="[41]"></a>CLK_EnableModuleClock</STRONG> (Thumb, 40 bytes, Stack size 24 bytes, clk_1.o(i.CLK_EnableModuleClock))
<BR><BR>[Stack]<UL><LI>Max Depth = 24<LI>Call Chain = CLK_EnableModuleClock
</UL>
<BR>[Called By]<UL><LI><a href="#[43]">&gt;&gt;</a>&nbsp;&nbsp;&nbsp;SYS_Init2
<LI><a href="#[3f]">&gt;&gt;</a>&nbsp;&nbsp;&nbsp;SYS_Init1
</UL>

<P><STRONG><a name="[31]"></a>CLK_EnablePLL</STRONG> (Thumb, 348 bytes, Stack size 40 bytes, clk_1.o(i.CLK_EnablePLL))
<BR><BR>[Stack]<UL><LI>Max Depth = 52<LI>Call Chain = CLK_EnablePLL &rArr; __aeabi_uidivmod
</UL>
<BR>[Calls]<UL><LI><a href="#[32]">&gt;&gt;</a>&nbsp;&nbsp;&nbsp;CLK_WaitClockReady
<LI><a href="#[33]">&gt;&gt;</a>&nbsp;&nbsp;&nbsp;__aeabi_uidivmod
</UL>
<BR>[Called By]<UL><LI><a href="#[35]">&gt;&gt;</a>&nbsp;&nbsp;&nbsp;CLK_SetCoreClock
</UL>

<P><STRONG><a name="[40]"></a>CLK_EnableXtalRC</STRONG> (Thumb, 10 bytes, Stack size 0 bytes, clk_1.o(i.CLK_EnableXtalRC))
<BR><BR>[Called By]<UL><LI><a href="#[3f]">&gt;&gt;</a>&nbsp;&nbsp;&nbsp;SYS_Init1
</UL>

<P><STRONG><a name="[35]"></a>CLK_SetCoreClock</STRONG> (Thumb, 186 bytes, Stack size 24 bytes, clk_1.o(i.CLK_SetCoreClock))
<BR><BR>[Stack]<UL><LI>Max Depth = 76<LI>Call Chain = CLK_SetCoreClock &rArr; CLK_EnablePLL &rArr; __aeabi_uidivmod
</UL>
<BR>[Calls]<UL><LI><a href="#[36]">&gt;&gt;</a>&nbsp;&nbsp;&nbsp;CLK_SetHCLK
<LI><a href="#[33]">&gt;&gt;</a>&nbsp;&nbsp;&nbsp;__aeabi_uidivmod
<LI><a href="#[31]">&gt;&gt;</a>&nbsp;&nbsp;&nbsp;CLK_EnablePLL
</UL>
<BR>[Called By]<UL><LI><a href="#[3f]">&gt;&gt;</a>&nbsp;&nbsp;&nbsp;SYS_Init1
</UL>

<P><STRONG><a name="[36]"></a>CLK_SetHCLK</STRONG> (Thumb, 66 bytes, Stack size 16 bytes, clk_1.o(i.CLK_SetHCLK))
<BR><BR>[Stack]<UL><LI>Max Depth = 44<LI>Call Chain = CLK_SetHCLK &rArr; SystemCoreClockUpdate &rArr; __aeabi_uidivmod
</UL>
<BR>[Calls]<UL><LI><a href="#[37]">&gt;&gt;</a>&nbsp;&nbsp;&nbsp;SystemCoreClockUpdate
</UL>
<BR>[Called By]<UL><LI><a href="#[35]">&gt;&gt;</a>&nbsp;&nbsp;&nbsp;CLK_SetCoreClock
<LI><a href="#[3f]">&gt;&gt;</a>&nbsp;&nbsp;&nbsp;SYS_Init1
</UL>

<P><STRONG><a name="[42]"></a>CLK_SetModuleClock</STRONG> (Thumb, 166 bytes, Stack size 44 bytes, clk_1.o(i.CLK_SetModuleClock))
<BR><BR>[Stack]<UL><LI>Max Depth = 44<LI>Call Chain = CLK_SetModuleClock
</UL>
<BR>[Called By]<UL><LI><a href="#[43]">&gt;&gt;</a>&nbsp;&nbsp;&nbsp;SYS_Init2
<LI><a href="#[3f]">&gt;&gt;</a>&nbsp;&nbsp;&nbsp;SYS_Init1
</UL>

<P><STRONG><a name="[32]"></a>CLK_WaitClockReady</STRONG> (Thumb, 34 bytes, Stack size 8 bytes, clk_1.o(i.CLK_WaitClockReady))
<BR><BR>[Stack]<UL><LI>Max Depth = 8<LI>Call Chain = CLK_WaitClockReady
</UL>
<BR>[Called By]<UL><LI><a href="#[3f]">&gt;&gt;</a>&nbsp;&nbsp;&nbsp;SYS_Init1
<LI><a href="#[31]">&gt;&gt;</a>&nbsp;&nbsp;&nbsp;CLK_EnablePLL
</UL>

<P><STRONG><a name="[38]"></a>DataPacketStart</STRONG> (Thumb, 416 bytes, Stack size 20 bytes, ask.o(i.DataPacketStart))
<BR><BR>[Stack]<UL><LI>Max Depth = 28<LI>Call Chain = DataPacketStart &rArr; __ARM_common_switch8
</UL>
<BR>[Calls]<UL><LI><a href="#[39]">&gt;&gt;</a>&nbsp;&nbsp;&nbsp;__ARM_common_switch8
</UL>
<BR>[Called By]<UL><LI><a href="#[1e]">&gt;&gt;</a>&nbsp;&nbsp;&nbsp;main
<LI><a href="#[44]">&gt;&gt;</a>&nbsp;&nbsp;&nbsp;StateMachine3
</UL>

<P><STRONG><a name="[3a]"></a>FskBitUpdate</STRONG> (Thumb, 106 bytes, Stack size 8 bytes, fsk.o(i.FskBitUpdate))
<BR><BR>[Stack]<UL><LI>Max Depth = 8<LI>Call Chain = FskBitUpdate
</UL>
<BR>[Called By]<UL><LI><a href="#[a]">&gt;&gt;</a>&nbsp;&nbsp;&nbsp;GPAB_IRQHandler
</UL>

<P><STRONG><a name="[a]"></a>GPAB_IRQHandler</STRONG> (Thumb, 114 bytes, Stack size 8 bytes, isr.o(i.GPAB_IRQHandler))
<BR><BR>[Stack]<UL><LI>Max Depth = 16<LI>Call Chain = GPAB_IRQHandler &rArr; FskBitUpdate
</UL>
<BR>[Calls]<UL><LI><a href="#[3a]">&gt;&gt;</a>&nbsp;&nbsp;&nbsp;FskBitUpdate
</UL>
<BR>[Address Reference Count : 1]<UL><LI> startup_nuc029xee.o(RESET)
</UL>
<P><STRONG><a name="[54]"></a>GPIO_EnableInt</STRONG> (Thumb, 38 bytes, Stack size 8 bytes, gpio.o(i.GPIO_EnableInt))
<BR><BR>[Stack]<UL><LI>Max Depth = 8<LI>Call Chain = GPIO_EnableInt
</UL>
<BR>[Called By]<UL><LI><a href="#[1e]">&gt;&gt;</a>&nbsp;&nbsp;&nbsp;main
</UL>

<P><STRONG><a name="[53]"></a>GPIO_SetMode</STRONG> (Thumb, 40 bytes, Stack size 20 bytes, gpio.o(i.GPIO_SetMode))
<BR><BR>[Stack]<UL><LI>Max Depth = 20<LI>Call Chain = GPIO_SetMode
</UL>
<BR>[Called By]<UL><LI><a href="#[1e]">&gt;&gt;</a>&nbsp;&nbsp;&nbsp;main
</UL>

<P><STRONG><a name="[1f]"></a>Hard_Fault_Handler</STRONG> (Thumb, 16 bytes, Stack size 0 bytes, retarget_1.o(i.Hard_Fault_Handler))
<BR><BR>[Stack]<UL><LI>Max Depth = 32<LI>Call Chain = Hard_Fault_Handler &rArr; stackDump &rArr; __2printf
</UL>
<BR>[Calls]<UL><LI><a href="#[3c]">&gt;&gt;</a>&nbsp;&nbsp;&nbsp;stackDump
<LI><a href="#[3b]">&gt;&gt;</a>&nbsp;&nbsp;&nbsp;__2printf
</UL>
<BR>[Address Reference Count : 1]<UL><LI> retarget_1.o(.emb_text)
</UL>
<P><STRONG><a name="[30]"></a>MyDelay</STRONG> (Thumb, 14 bytes, Stack size 0 bytes, ask.o(i.MyDelay))
<BR><BR>[Called By]<UL><LI><a href="#[44]">&gt;&gt;</a>&nbsp;&nbsp;&nbsp;StateMachine3
<LI><a href="#[2f]">&gt;&gt;</a>&nbsp;&nbsp;&nbsp;BLEenable
</UL>

<P><STRONG><a name="[2d]"></a>PB14Toggle</STRONG> (Thumb, 18 bytes, Stack size 0 bytes, ask.o(i.PB14Toggle))
<BR><BR>[Called By]<UL><LI><a href="#[2e]">&gt;&gt;</a>&nbsp;&nbsp;&nbsp;AskOut
<LI><a href="#[2c]">&gt;&gt;</a>&nbsp;&nbsp;&nbsp;AskByteOut
</UL>

<P><STRONG><a name="[3d]"></a>ReadADC</STRONG> (Thumb, 70 bytes, Stack size 16 bytes, main.o(i.ReadADC))
<BR><BR>[Stack]<UL><LI>Max Depth = 28<LI>Call Chain = ReadADC &rArr; ADC_Open
</UL>
<BR>[Calls]<UL><LI><a href="#[3e]">&gt;&gt;</a>&nbsp;&nbsp;&nbsp;ADC_Open
</UL>
<BR>[Called By]<UL><LI><a href="#[44]">&gt;&gt;</a>&nbsp;&nbsp;&nbsp;StateMachine3
</UL>

<P><STRONG><a name="[3f]"></a>SYS_Init1</STRONG> (Thumb, 144 bytes, Stack size 8 bytes, main.o(i.SYS_Init1))
<BR><BR>[Stack]<UL><LI>Max Depth = 84<LI>Call Chain = SYS_Init1 &rArr; CLK_SetCoreClock &rArr; CLK_EnablePLL &rArr; __aeabi_uidivmod
</UL>
<BR>[Calls]<UL><LI><a href="#[32]">&gt;&gt;</a>&nbsp;&nbsp;&nbsp;CLK_WaitClockReady
<LI><a href="#[42]">&gt;&gt;</a>&nbsp;&nbsp;&nbsp;CLK_SetModuleClock
<LI><a href="#[36]">&gt;&gt;</a>&nbsp;&nbsp;&nbsp;CLK_SetHCLK
<LI><a href="#[35]">&gt;&gt;</a>&nbsp;&nbsp;&nbsp;CLK_SetCoreClock
<LI><a href="#[40]">&gt;&gt;</a>&nbsp;&nbsp;&nbsp;CLK_EnableXtalRC
<LI><a href="#[41]">&gt;&gt;</a>&nbsp;&nbsp;&nbsp;CLK_EnableModuleClock
</UL>
<BR>[Called By]<UL><LI><a href="#[1e]">&gt;&gt;</a>&nbsp;&nbsp;&nbsp;main
</UL>

<P><STRONG><a name="[43]"></a>SYS_Init2</STRONG> (Thumb, 102 bytes, Stack size 16 bytes, main.o(i.SYS_Init2))
<BR><BR>[Stack]<UL><LI>Max Depth = 60<LI>Call Chain = SYS_Init2 &rArr; CLK_SetModuleClock
</UL>
<BR>[Calls]<UL><LI><a href="#[42]">&gt;&gt;</a>&nbsp;&nbsp;&nbsp;CLK_SetModuleClock
<LI><a href="#[41]">&gt;&gt;</a>&nbsp;&nbsp;&nbsp;CLK_EnableModuleClock
</UL>
<BR>[Called By]<UL><LI><a href="#[1e]">&gt;&gt;</a>&nbsp;&nbsp;&nbsp;main
</UL>

<P><STRONG><a name="[4b]"></a>SYS_ResetModule</STRONG> (Thumb, 26 bytes, Stack size 0 bytes, sys_1.o(i.SYS_ResetModule))
<BR><BR>[Called By]<UL><LI><a href="#[4d]">&gt;&gt;</a>&nbsp;&nbsp;&nbsp;UART2_Init
<LI><a href="#[4a]">&gt;&gt;</a>&nbsp;&nbsp;&nbsp;UART0_Init
</UL>

<P><STRONG><a name="[52]"></a>SendChar_ToUART</STRONG> (Thumb, 26 bytes, Stack size 0 bytes, retarget_1.o(i.SendChar_ToUART))
<BR><BR>[Called By]<UL><LI><a href="#[22]">&gt;&gt;</a>&nbsp;&nbsp;&nbsp;fputc
</UL>

<P><STRONG><a name="[44]"></a>StateMachine3</STRONG> (Thumb, 362 bytes, Stack size 0 bytes, main.o(i.StateMachine3))
<BR><BR>[Stack]<UL><LI>Max Depth = 64<LI>Call Chain = StateMachine3 &rArr; TIMER_Delay &rArr; TIMER_GetModuleClock
</UL>
<BR>[Calls]<UL><LI><a href="#[46]">&gt;&gt;</a>&nbsp;&nbsp;&nbsp;TIMER_Delay
<LI><a href="#[3d]">&gt;&gt;</a>&nbsp;&nbsp;&nbsp;ReadADC
<LI><a href="#[45]">&gt;&gt;</a>&nbsp;&nbsp;&nbsp;sendDataToBle
<LI><a href="#[2f]">&gt;&gt;</a>&nbsp;&nbsp;&nbsp;BLEenable
<LI><a href="#[30]">&gt;&gt;</a>&nbsp;&nbsp;&nbsp;MyDelay
<LI><a href="#[38]">&gt;&gt;</a>&nbsp;&nbsp;&nbsp;DataPacketStart
<LI><a href="#[3b]">&gt;&gt;</a>&nbsp;&nbsp;&nbsp;__2printf
</UL>
<BR>[Called By]<UL><LI><a href="#[1e]">&gt;&gt;</a>&nbsp;&nbsp;&nbsp;main
</UL>

<P><STRONG><a name="[37]"></a>SystemCoreClockUpdate</STRONG> (Thumb, 118 bytes, Stack size 16 bytes, system_nuc029xee.o(i.SystemCoreClockUpdate))
<BR><BR>[Stack]<UL><LI>Max Depth = 28<LI>Call Chain = SystemCoreClockUpdate &rArr; __aeabi_uidivmod
</UL>
<BR>[Calls]<UL><LI><a href="#[33]">&gt;&gt;</a>&nbsp;&nbsp;&nbsp;__aeabi_uidivmod
</UL>
<BR>[Called By]<UL><LI><a href="#[36]">&gt;&gt;</a>&nbsp;&nbsp;&nbsp;CLK_SetHCLK
</UL>

<P><STRONG><a name="[20]"></a>SystemInit</STRONG> (Thumb, 2 bytes, Stack size 0 bytes, system_nuc029xee.o(i.SystemInit))
<BR>[Address Reference Count : 1]<UL><LI> startup_nuc029xee.o(.text)
</UL>
<P><STRONG><a name="[46]"></a>TIMER_Delay</STRONG> (Thumb, 134 bytes, Stack size 24 bytes, timer_1.o(i.TIMER_Delay))
<BR><BR>[Stack]<UL><LI>Max Depth = 64<LI>Call Chain = TIMER_Delay &rArr; TIMER_GetModuleClock
</UL>
<BR>[Calls]<UL><LI><a href="#[33]">&gt;&gt;</a>&nbsp;&nbsp;&nbsp;__aeabi_uidivmod
<LI><a href="#[47]">&gt;&gt;</a>&nbsp;&nbsp;&nbsp;TIMER_GetModuleClock
</UL>
<BR>[Called By]<UL><LI><a href="#[44]">&gt;&gt;</a>&nbsp;&nbsp;&nbsp;StateMachine3
</UL>

<P><STRONG><a name="[47]"></a>TIMER_GetModuleClock</STRONG> (Thumb, 82 bytes, Stack size 40 bytes, timer_1.o(i.TIMER_GetModuleClock))
<BR><BR>[Stack]<UL><LI>Max Depth = 40<LI>Call Chain = TIMER_GetModuleClock
</UL>
<BR>[Calls]<UL><LI><a href="#[48]">&gt;&gt;</a>&nbsp;&nbsp;&nbsp;__aeabi_memcpy4
</UL>
<BR>[Called By]<UL><LI><a href="#[49]">&gt;&gt;</a>&nbsp;&nbsp;&nbsp;TIMER_Open
<LI><a href="#[46]">&gt;&gt;</a>&nbsp;&nbsp;&nbsp;TIMER_Delay
</UL>

<P><STRONG><a name="[49]"></a>TIMER_Open</STRONG> (Thumb, 64 bytes, Stack size 32 bytes, timer_1.o(i.TIMER_Open))
<BR><BR>[Stack]<UL><LI>Max Depth = 72<LI>Call Chain = TIMER_Open &rArr; TIMER_GetModuleClock
</UL>
<BR>[Calls]<UL><LI><a href="#[33]">&gt;&gt;</a>&nbsp;&nbsp;&nbsp;__aeabi_uidivmod
<LI><a href="#[47]">&gt;&gt;</a>&nbsp;&nbsp;&nbsp;TIMER_GetModuleClock
</UL>
<BR>[Called By]<UL><LI><a href="#[1e]">&gt;&gt;</a>&nbsp;&nbsp;&nbsp;main
</UL>

<P><STRONG><a name="[e]"></a>TMR0_IRQHandler</STRONG> (Thumb, 30 bytes, Stack size 8 bytes, isr.o(i.TMR0_IRQHandler))
<BR><BR>[Stack]<UL><LI>Max Depth = 36<LI>Call Chain = TMR0_IRQHandler &rArr; AskOut &rArr; AskByteOut
</UL>
<BR>[Calls]<UL><LI><a href="#[2e]">&gt;&gt;</a>&nbsp;&nbsp;&nbsp;AskOut
</UL>
<BR>[Address Reference Count : 1]<UL><LI> startup_nuc029xee.o(RESET)
</UL>
<P><STRONG><a name="[12]"></a>UART02_IRQHandler</STRONG> (Thumb, 62 bytes, Stack size 16 bytes, isr.o(i.UART02_IRQHandler))
<BR><BR>[Stack]<UL><LI>Max Depth = 40<LI>Call Chain = UART02_IRQHandler &rArr; __2printf
</UL>
<BR>[Calls]<UL><LI><a href="#[3b]">&gt;&gt;</a>&nbsp;&nbsp;&nbsp;__2printf
</UL>
<BR>[Address Reference Count : 1]<UL><LI> startup_nuc029xee.o(RESET)
</UL>
<P><STRONG><a name="[4a]"></a>UART0_Init</STRONG> (Thumb, 20 bytes, Stack size 8 bytes, main.o(i.UART0_Init))
<BR><BR>[Stack]<UL><LI>Max Depth = 68<LI>Call Chain = UART0_Init &rArr; UART_Open &rArr; CLK_GetPLLClockFreq &rArr; __aeabi_uidivmod
</UL>
<BR>[Calls]<UL><LI><a href="#[4c]">&gt;&gt;</a>&nbsp;&nbsp;&nbsp;UART_Open
<LI><a href="#[4b]">&gt;&gt;</a>&nbsp;&nbsp;&nbsp;SYS_ResetModule
</UL>
<BR>[Called By]<UL><LI><a href="#[1e]">&gt;&gt;</a>&nbsp;&nbsp;&nbsp;main
</UL>

<P><STRONG><a name="[4d]"></a>UART2_Init</STRONG> (Thumb, 20 bytes, Stack size 8 bytes, main.o(i.UART2_Init))
<BR><BR>[Stack]<UL><LI>Max Depth = 68<LI>Call Chain = UART2_Init &rArr; UART_Open &rArr; CLK_GetPLLClockFreq &rArr; __aeabi_uidivmod
</UL>
<BR>[Calls]<UL><LI><a href="#[4c]">&gt;&gt;</a>&nbsp;&nbsp;&nbsp;UART_Open
<LI><a href="#[4b]">&gt;&gt;</a>&nbsp;&nbsp;&nbsp;SYS_ResetModule
</UL>
<BR>[Called By]<UL><LI><a href="#[1e]">&gt;&gt;</a>&nbsp;&nbsp;&nbsp;main
</UL>

<P><STRONG><a name="[4c]"></a>UART_Open</STRONG> (Thumb, 120 bytes, Stack size 40 bytes, uart_1.o(i.UART_Open))
<BR><BR>[Stack]<UL><LI>Max Depth = 60<LI>Call Chain = UART_Open &rArr; CLK_GetPLLClockFreq &rArr; __aeabi_uidivmod
</UL>
<BR>[Calls]<UL><LI><a href="#[33]">&gt;&gt;</a>&nbsp;&nbsp;&nbsp;__aeabi_uidivmod
<LI><a href="#[34]">&gt;&gt;</a>&nbsp;&nbsp;&nbsp;CLK_GetPLLClockFreq
</UL>
<BR>[Called By]<UL><LI><a href="#[4d]">&gt;&gt;</a>&nbsp;&nbsp;&nbsp;UART2_Init
<LI><a href="#[4a]">&gt;&gt;</a>&nbsp;&nbsp;&nbsp;UART0_Init
</UL>

<P><STRONG><a name="[4e]"></a>__0printf$8</STRONG> (Thumb, 24 bytes, Stack size 24 bytes, printf8.o(i.__0printf$8), UNUSED)
<BR><BR>[Calls]<UL><LI><a href="#[4f]">&gt;&gt;</a>&nbsp;&nbsp;&nbsp;_printf_core
</UL>

<P><STRONG><a name="[61]"></a>__1printf$8</STRONG> (Thumb, 0 bytes, Stack size 24 bytes, printf8.o(i.__0printf$8), UNUSED)

<P><STRONG><a name="[3b]"></a>__2printf</STRONG> (Thumb, 0 bytes, Stack size 24 bytes, printf8.o(i.__0printf$8))
<BR><BR>[Stack]<UL><LI>Max Depth = 24<LI>Call Chain = __2printf
</UL>
<BR>[Called By]<UL><LI><a href="#[1f]">&gt;&gt;</a>&nbsp;&nbsp;&nbsp;Hard_Fault_Handler
<LI><a href="#[3c]">&gt;&gt;</a>&nbsp;&nbsp;&nbsp;stackDump
<LI><a href="#[1e]">&gt;&gt;</a>&nbsp;&nbsp;&nbsp;main
<LI><a href="#[44]">&gt;&gt;</a>&nbsp;&nbsp;&nbsp;StateMachine3
<LI><a href="#[12]">&gt;&gt;</a>&nbsp;&nbsp;&nbsp;UART02_IRQHandler
</UL>

<P><STRONG><a name="[39]"></a>__ARM_common_switch8</STRONG> (Thumb, 26 bytes, Stack size 8 bytes, ask.o(i.__ARM_common_switch8))
<BR><BR>[Stack]<UL><LI>Max Depth = 8<LI>Call Chain = __ARM_common_switch8
</UL>
<BR>[Called By]<UL><LI><a href="#[38]">&gt;&gt;</a>&nbsp;&nbsp;&nbsp;DataPacketStart
</UL>

<P><STRONG><a name="[62]"></a>__scatterload_copy</STRONG> (Thumb, 14 bytes, Stack size unknown bytes, handlers.o(i.__scatterload_copy), UNUSED)

<P><STRONG><a name="[63]"></a>__scatterload_null</STRONG> (Thumb, 2 bytes, Stack size unknown bytes, handlers.o(i.__scatterload_null), UNUSED)

<P><STRONG><a name="[64]"></a>__scatterload_zeroinit</STRONG> (Thumb, 14 bytes, Stack size unknown bytes, handlers.o(i.__scatterload_zeroinit), UNUSED)

<P><STRONG><a name="[22]"></a>fputc</STRONG> (Thumb, 12 bytes, Stack size 4 bytes, retarget_1.o(i.fputc))
<BR><BR>[Stack]<UL><LI>Max Depth = 4<LI>Call Chain = fputc
</UL>
<BR>[Calls]<UL><LI><a href="#[52]">&gt;&gt;</a>&nbsp;&nbsp;&nbsp;SendChar_ToUART
</UL>
<BR>[Address Reference Count : 1]<UL><LI> printf8.o(i.__0printf$8)
</UL>
<P><STRONG><a name="[1e]"></a>main</STRONG> (Thumb, 208 bytes, Stack size 0 bytes, main.o(i.main))
<BR><BR>[Stack]<UL><LI>Max Depth = 84<LI>Call Chain = main &rArr; SYS_Init1 &rArr; CLK_SetCoreClock &rArr; CLK_EnablePLL &rArr; __aeabi_uidivmod
</UL>
<BR>[Calls]<UL><LI><a href="#[49]">&gt;&gt;</a>&nbsp;&nbsp;&nbsp;TIMER_Open
<LI><a href="#[53]">&gt;&gt;</a>&nbsp;&nbsp;&nbsp;GPIO_SetMode
<LI><a href="#[54]">&gt;&gt;</a>&nbsp;&nbsp;&nbsp;GPIO_EnableInt
<LI><a href="#[4d]">&gt;&gt;</a>&nbsp;&nbsp;&nbsp;UART2_Init
<LI><a href="#[4a]">&gt;&gt;</a>&nbsp;&nbsp;&nbsp;UART0_Init
<LI><a href="#[44]">&gt;&gt;</a>&nbsp;&nbsp;&nbsp;StateMachine3
<LI><a href="#[43]">&gt;&gt;</a>&nbsp;&nbsp;&nbsp;SYS_Init2
<LI><a href="#[3f]">&gt;&gt;</a>&nbsp;&nbsp;&nbsp;SYS_Init1
<LI><a href="#[38]">&gt;&gt;</a>&nbsp;&nbsp;&nbsp;DataPacketStart
<LI><a href="#[3b]">&gt;&gt;</a>&nbsp;&nbsp;&nbsp;__2printf
</UL>
<BR>[Address Reference Count : 1]<UL><LI> entry9a.o(.ARM.Collect$$$$0000000B)
</UL>
<P><STRONG><a name="[45]"></a>sendDataToBle</STRONG> (Thumb, 80 bytes, Stack size 24 bytes, ble.o(i.sendDataToBle))
<BR><BR>[Stack]<UL><LI>Max Depth = 24<LI>Call Chain = sendDataToBle
</UL>
<BR>[Calls]<UL><LI><a href="#[55]">&gt;&gt;</a>&nbsp;&nbsp;&nbsp;__aeabi_memcpy
</UL>
<BR>[Called By]<UL><LI><a href="#[44]">&gt;&gt;</a>&nbsp;&nbsp;&nbsp;StateMachine3
</UL>
<P>
<H3>
Local Symbols
</H3>
<P><STRONG><a name="[16]"></a>Default_Handler</STRONG> (Thumb, 2 bytes, Stack size 0 bytes, startup_nuc029xee.o(.text))
<BR><BR>[Calls]<UL><LI><a href="#[16]">&gt;&gt;</a>&nbsp;&nbsp;&nbsp;Default_Handler
</UL>
<BR>[Called By]<UL><LI><a href="#[16]">&gt;&gt;</a>&nbsp;&nbsp;&nbsp;Default_Handler
</UL>
<BR>[Address Reference Count : 1]<UL><LI> startup_nuc029xee.o(RESET)
</UL>
<P><STRONG><a name="[3c]"></a>stackDump</STRONG> (Thumb, 70 bytes, Stack size 8 bytes, retarget_1.o(i.stackDump))
<BR><BR>[Stack]<UL><LI>Max Depth = 32<LI>Call Chain = stackDump &rArr; __2printf
</UL>
<BR>[Calls]<UL><LI><a href="#[3b]">&gt;&gt;</a>&nbsp;&nbsp;&nbsp;__2printf
</UL>
<BR>[Called By]<UL><LI><a href="#[1f]">&gt;&gt;</a>&nbsp;&nbsp;&nbsp;Hard_Fault_Handler
</UL>

<P><STRONG><a name="[34]"></a>CLK_GetPLLClockFreq</STRONG> (Thumb, 70 bytes, Stack size 8 bytes, uart_1.o(i.CLK_GetPLLClockFreq))
<BR><BR>[Stack]<UL><LI>Max Depth = 20<LI>Call Chain = CLK_GetPLLClockFreq &rArr; __aeabi_uidivmod
</UL>
<BR>[Calls]<UL><LI><a href="#[33]">&gt;&gt;</a>&nbsp;&nbsp;&nbsp;__aeabi_uidivmod
</UL>
<BR>[Called By]<UL><LI><a href="#[4c]">&gt;&gt;</a>&nbsp;&nbsp;&nbsp;UART_Open
</UL>

<P><STRONG><a name="[4f]"></a>_printf_core</STRONG> (Thumb, 1020 bytes, Stack size 104 bytes, printf8.o(i._printf_core), UNUSED)
<BR><BR>[Calls]<UL><LI><a href="#[28]">&gt;&gt;</a>&nbsp;&nbsp;&nbsp;__aeabi_uldivmod
<LI><a href="#[50]">&gt;&gt;</a>&nbsp;&nbsp;&nbsp;_printf_pre_padding
<LI><a href="#[51]">&gt;&gt;</a>&nbsp;&nbsp;&nbsp;_printf_post_padding
</UL>
<BR>[Called By]<UL><LI><a href="#[4e]">&gt;&gt;</a>&nbsp;&nbsp;&nbsp;__0printf$8
</UL>

<P><STRONG><a name="[51]"></a>_printf_post_padding</STRONG> (Thumb, 32 bytes, Stack size 24 bytes, printf8.o(i._printf_post_padding), UNUSED)
<BR><BR>[Called By]<UL><LI><a href="#[4f]">&gt;&gt;</a>&nbsp;&nbsp;&nbsp;_printf_core
</UL>

<P><STRONG><a name="[50]"></a>_printf_pre_padding</STRONG> (Thumb, 44 bytes, Stack size 40 bytes, printf8.o(i._printf_pre_padding), UNUSED)
<BR><BR>[Called By]<UL><LI><a href="#[4f]">&gt;&gt;</a>&nbsp;&nbsp;&nbsp;_printf_core
</UL>
<P>
<H3>
Undefined Global Symbols
</H3>
<P><STRONG><a name="[27]"></a>__arm_fini_</STRONG> (Unknown, 0 bytes, Stack size 0 bytes, UNDEFINED)
<BR><BR>[Called By]<UL><LI><a href="#[26]">&gt;&gt;</a>&nbsp;&nbsp;&nbsp;__rt_lib_shutdown_fini
</UL>
<HR></body></html>
