<html>
<body>
<pre>
<h1>µVision Build Log</h1>
<h2>Tool Versions:</h2>
IDE-Version: •ÏVision V5.36.0.0
Copyright (C) 2021 ARM Ltd and ARM Germany GmbH. All rights reserved.
License Information: lim suhwan, a, LIC=----
 
Tool Versions:
Toolchain:       MDK-Lite  Version: 5.36.0.0
Toolchain Path:  C:\Keil_v5\ARM\ARMCC\Bin
C Compiler:      Armcc.exe V5.06 update 7 (build 960)
Assembler:       Armasm.exe V5.06 update 7 (build 960)
Linker/Locator:  ArmLink.exe V5.06 update 7 (build 960)
Library Manager: ArmAr.exe V5.06 update 7 (build 960)
Hex Converter:   FromElf.exe V5.06 update 7 (build 960)
CPU DLL:         SARMCM3.DLL V5.36.0.0
Dialog DLL:      DARMCM1.DLL V1.19.4.0
    Target DLL: Nu_Link.dll
Dialog DLL:      TARMCM1.DLL V1.14.4.0
 
<h2>Project:</h2>
C:\Users\KETI\Desktop\FCU TX\DWT_M4TX_200W_KETI\DWT_M4_TX_200W\Keil\DWT_M4_TX.uvproj
Project File Date:  01/17/2022

<h2>Output:</h2>
*** Using Compiler 'V5.06 update 7 (build 960)', folder: 'C:\Keil_v5\ARM\ARMCC\Bin'
Build target 'DWT_M4_TX'
creating preprocessor file for uart.c...
creating preprocessor file for sys.c...
creating preprocessor file for eadc.c...
creating preprocessor file for gpio.c...
creating preprocessor file for calibration.c...
creating preprocessor file for epwm.c...
creating preprocessor file for main.c...
creating preprocessor file for system_M480.c...
creating preprocessor file for modulation.c...
creating preprocessor file for ecap.c...
creating preprocessor file for retarget.c...
creating preprocessor file for timer.c...
creating preprocessor file for pid.c...
creating preprocessor file for efficiency.c...
creating preprocessor file for clk.c...
creating preprocessor file for hardware.c...
creating preprocessor file for led.c...
creating preprocessor file for Qi_lp_filter.c...
creating preprocessor file for app_flash_config.c...
creating preprocessor file for Adc.c...
creating preprocessor file for Isr.c...
creating preprocessor file for Ask.c...
creating preprocessor file for WPCQiTx_Standby.c...
creating preprocessor file for Fsk.c...
creating preprocessor file for Pwm.c...
creating preprocessor file for WPCQiTx_TxState.c...
creating preprocessor file for Coil.c...
creating preprocessor file for Ble.c...
creating preprocessor file for WPCQiTx.c...
compiling WPCQiTx.c...
linking...
Program Size: Code=19560 RO-data=784 RW-data=468 ZI-data=3884  
After Build - User command #1: fromelf --bin ".\obj\DWT_M4_TX.axf" --output ".\obj\DWT_M4_TX.bin"
After Build - User command #2: fromelf --text -c ".\obj\DWT_M4_TX.axf" --output ".\obj\DWT_M4_TX.txt"
".\obj\DWT_M4_TX.axf" - 0 Error(s), 0 Warning(s).
Build Time Elapsed:  00:00:02
</pre>
</body>
</html>
